Component: ARM Compiler 5.05 update 1 (build 106) Tool: armlink [4d0efa]

==============================================================================

Section Cross References

    main.o(.text) refers to _printf_percent.o(.ARM.Collect$$_printf_percent$$00000000) for _printf_percent
    main.o(.text) refers to _printf_d.o(.ARM.Collect$$_printf_percent$$00000009) for _printf_d
    main.o(.text) refers to _printf_dec.o(.text) for _printf_int_dec
    main.o(.text) refers to _printf_s.o(.ARM.Collect$$_printf_percent$$00000014) for _printf_s
    main.o(.text) refers to _printf_str.o(.text) for _printf_str
    main.o(.text) refers to lcd.o(.text) for LCD_Draw_Circle
    main.o(.text) refers to noretval__2sprintf.o(.text) for __2sprintf
    main.o(.text) refers to main.o(.bss) for calendar
    main.o(.text) refers to main.o(.data) for Hour
    main.o(.text) refers to lcd.o(.data) for BACK_COLOR
    main.o(.text) refers to lcd.o(.bss) for lcddev
    main.o(.text) refers to touch.o(.data) for tp_dev
    main.o(.text) refers to delay.o(.text) for delay_ms
    main.o(.text) refers to rtc.o(.text) for RTC_Set
    main.o(.text) refers to misc.o(.text) for NVIC_PriorityGroupConfig
    main.o(.text) refers to usart.o(.text) for uart_init
    main.o(.text) refers to touch.o(.text) for TP_Init
    system_stm32f10x.o(.text) refers to system_stm32f10x.o(.data) for SystemCoreClock
    startup_stm32f10x_hd.o(STACK) refers (Special) to heapauxi.o(.text) for __use_two_region_memory
    startup_stm32f10x_hd.o(HEAP) refers (Special) to heapauxi.o(.text) for __use_two_region_memory
    startup_stm32f10x_hd.o(RESET) refers (Special) to heapauxi.o(.text) for __use_two_region_memory
    startup_stm32f10x_hd.o(RESET) refers to startup_stm32f10x_hd.o(STACK) for __initial_sp
    startup_stm32f10x_hd.o(RESET) refers to startup_stm32f10x_hd.o(.text) for Reset_Handler
    startup_stm32f10x_hd.o(RESET) refers to stm32f10x_it.o(.text) for NMI_Handler
    startup_stm32f10x_hd.o(RESET) refers to rtc.o(.text) for RTC_IRQHandler
    startup_stm32f10x_hd.o(RESET) refers to usart.o(.text) for USART1_IRQHandler
    startup_stm32f10x_hd.o(.text) refers (Special) to heapauxi.o(.text) for __use_two_region_memory
    startup_stm32f10x_hd.o(.text) refers to system_stm32f10x.o(.text) for SystemInit
    startup_stm32f10x_hd.o(.text) refers to __main.o(!!!main) for __main
    startup_stm32f10x_hd.o(.text) refers to startup_stm32f10x_hd.o(HEAP) for Heap_Mem
    startup_stm32f10x_hd.o(.text) refers to startup_stm32f10x_hd.o(STACK) for Stack_Mem
    stm32f10x_adc.o(.text) refers to stm32f10x_rcc.o(.text) for RCC_APB2PeriphResetCmd
    stm32f10x_bkp.o(.text) refers to stm32f10x_rcc.o(.text) for RCC_BackupResetCmd
    stm32f10x_can.o(.text) refers to stm32f10x_rcc.o(.text) for RCC_APB1PeriphResetCmd
    stm32f10x_cec.o(.text) refers to stm32f10x_rcc.o(.text) for RCC_APB1PeriphResetCmd
    stm32f10x_dac.o(.text) refers to stm32f10x_rcc.o(.text) for RCC_APB1PeriphResetCmd
    stm32f10x_gpio.o(.text) refers to stm32f10x_rcc.o(.text) for RCC_APB2PeriphResetCmd
    stm32f10x_i2c.o(.text) refers to stm32f10x_rcc.o(.text) for RCC_APB1PeriphResetCmd
    stm32f10x_pwr.o(.text) refers to stm32f10x_rcc.o(.text) for RCC_APB1PeriphResetCmd
    stm32f10x_rcc.o(.text) refers to stm32f10x_rcc.o(.data) for APBAHBPrescTable
    stm32f10x_spi.o(.text) refers to stm32f10x_rcc.o(.text) for RCC_APB2PeriphResetCmd
    stm32f10x_tim.o(.text) refers to stm32f10x_rcc.o(.text) for RCC_APB2PeriphResetCmd
    stm32f10x_usart.o(.text) refers to stm32f10x_rcc.o(.text) for RCC_APB2PeriphResetCmd
    stm32f10x_wwdg.o(.text) refers to stm32f10x_rcc.o(.text) for RCC_APB1PeriphResetCmd
    delay.o(.text) refers to misc.o(.text) for SysTick_CLKSourceConfig
    delay.o(.text) refers to system_stm32f10x.o(.data) for SystemCoreClock
    delay.o(.text) refers to delay.o(.data) for fac_us
    usart.o(.text) refers (Special) to use_no_semi_2.o(.text) for __use_no_semihosting
    usart.o(.text) refers to stm32f10x_rcc.o(.text) for RCC_APB2PeriphClockCmd
    usart.o(.text) refers to stm32f10x_gpio.o(.text) for GPIO_Init
    usart.o(.text) refers to misc.o(.text) for NVIC_Init
    usart.o(.text) refers to stm32f10x_usart.o(.text) for USART_Init
    usart.o(.text) refers to usart.o(.data) for USART_RX_STA
    usart.o(.text) refers to usart.o(.bss) for USART_RX_BUF
    usart.o(.bss) refers (Special) to use_no_semi_2.o(.text) for __use_no_semihosting
    usart.o(.data) refers (Special) to use_no_semi_2.o(.text) for __use_no_semihosting
    ctiic.o(.text) refers to delay.o(.text) for delay_us
    gt9147.o(.text) refers to _printf_percent.o(.ARM.Collect$$_printf_percent$$00000000) for _printf_percent
    gt9147.o(.text) refers to _printf_s.o(.ARM.Collect$$_printf_percent$$00000014) for _printf_s
    gt9147.o(.text) refers to _printf_str.o(.text) for _printf_str
    gt9147.o(.text) refers to _printf_d.o(.ARM.Collect$$_printf_percent$$00000009) for _printf_d
[...]
    ../fplib/faddsub.s                       0x00000000   Number         0  faddsub_clz.o ABSOLUTE
    ../fplib/fdiv.s                          0x00000000   Number         0  fdiv.o ABSOLUTE
    ../fplib/ffix.s                          0x00000000   Number         0  ffix.o ABSOLUTE
    ../fplib/ffixu.s                         0x00000000   Number         0  ffixu.o ABSOLUTE
    ../fplib/fflt.s                          0x00000000   Number         0  fflt_clz.o ABSOLUTE
    ../fplib/fmul.s                          0x00000000   Number         0  fmul.o ABSOLUTE
    ../fplib/fnaninf.s                       0x00000000   Number         0  fnaninf.o ABSOLUTE
    ../fplib/fpinit.s                        0x00000000   Number         0  fpinit.o ABSOLUTE
    ../fplib/fretinf.s                       0x00000000   Number         0  fretinf.o ABSOLUTE
    ../fplib/usenofp.s                       0x00000000   Number         0  usenofp.o ABSOLUTE
    ../mathlib/sqrt.c                        0x00000000   Number         0  sqrt.o ABSOLUTE
    ../mathlib/sqrt.c                        0x00000000   Number         0  sqrt_x.o ABSOLUTE
    ..\CORE\core_cm3.c                       0x00000000   Number         0  core_cm3.o ABSOLUTE
    ..\CORE\startup_stm32f10x_hd.s           0x00000000   Number         0  startup_stm32f10x_hd.o ABSOLUTE
    ..\HARDWARE\24CXX\24cxx.c                0x00000000   Number         0  24cxx.o ABSOLUTE
    ..\HARDWARE\IIC\myiic.c                  0x00000000   Number         0  myiic.o ABSOLUTE
    ..\HARDWARE\LCD\lcd.c                    0x00000000   Number         0  lcd.o ABSOLUTE
    ..\HARDWARE\RTC\rtc.c                    0x00000000   Number         0  rtc.o ABSOLUTE
    ..\HARDWARE\TOUCH\ctiic.c                0x00000000   Number         0  ctiic.o ABSOLUTE
    ..\HARDWARE\TOUCH\gt9147.c               0x00000000   Number         0  gt9147.o ABSOLUTE
    ..\HARDWARE\TOUCH\ott2001a.c             0x00000000   Number         0  ott2001a.o ABSOLUTE
    ..\HARDWARE\TOUCH\touch.c                0x00000000   Number         0  touch.o ABSOLUTE
    ..\STM32F10x_FWLib\src\misc.c            0x00000000   Number         0  misc.o ABSOLUTE
    ..\STM32F10x_FWLib\src\stm32f10x_adc.c   0x00000000   Number         0  stm32f10x_adc.o ABSOLUTE
    ..\STM32F10x_FWLib\src\stm32f10x_bkp.c   0x00000000   Number         0  stm32f10x_bkp.o ABSOLUTE
    ..\STM32F10x_FWLib\src\stm32f10x_can.c   0x00000000   Number         0  stm32f10x_can.o ABSOLUTE
    ..\STM32F10x_FWLib\src\stm32f10x_cec.c   0x00000000   Number         0  stm32f10x_cec.o ABSOLUTE
    ..\STM32F10x_FWLib\src\stm32f10x_crc.c   0x00000000   Number         0  stm32f10x_crc.o ABSOLUTE
    ..\STM32F10x_FWLib\src\stm32f10x_dac.c   0x00000000   Number         0  stm32f10x_dac.o ABSOLUTE
    ..\STM32F10x_FWLib\src\stm32f10x_dbgmcu.c 0x00000000   Number         0  stm32f10x_dbgmcu.o ABSOLUTE
    ..\STM32F10x_FWLib\src\stm32f10x_dma.c   0x00000000   Number         0  stm32f10x_dma.o ABSOLUTE
    ..\STM32F10x_FWLib\src\stm32f10x_exti.c  0x00000000   Number         0  stm32f10x_exti.o ABSOLUTE
    ..\STM32F10x_FWLib\src\stm32f10x_flash.c 0x00000000   Number         0  stm32f10x_flash.o ABSOLUTE
    ..\STM32F10x_FWLib\src\stm32f10x_fsmc.c  0x00000000   Number         0  stm32f10x_fsmc.o ABSOLUTE
    ..\STM32F10x_FWLib\src\stm32f10x_gpio.c  0x00000000   Number         0  stm32f10x_gpio.o ABSOLUTE
    ..\STM32F10x_FWLib\src\stm32f10x_i2c.c   0x00000000   Number         0  stm32f10x_i2c.o ABSOLUTE
    ..\STM32F10x_FWLib\src\stm32f10x_iwdg.c  0x00000000   Number         0  stm32f10x_iwdg.o ABSOLUTE
    ..\STM32F10x_FWLib\src\stm32f10x_pwr.c   0x00000000   Number         0  stm32f10x_pwr.o ABSOLUTE
    ..\STM32F10x_FWLib\src\stm32f10x_rcc.c   0x00000000   Number         0  stm32f10x_rcc.o ABSOLUTE
    ..\STM32F10x_FWLib\src\stm32f10x_rtc.c   0x00000000   Number         0  stm32f10x_rtc.o ABSOLUTE
    ..\STM32F10x_FWLib\src\stm32f10x_sdio.c  0x00000000   Number         0  stm32f10x_sdio.o ABSOLUTE
    ..\STM32F10x_FWLib\src\stm32f10x_spi.c   0x00000000   Number         0  stm32f10x_spi.o ABSOLUTE
    ..\STM32F10x_FWLib\src\stm32f10x_tim.c   0x00000000   Number         0  stm32f10x_tim.o ABSOLUTE
    ..\STM32F10x_FWLib\src\stm32f10x_usart.c 0x00000000   Number         0  stm32f10x_usart.o ABSOLUTE
    ..\STM32F10x_FWLib\src\stm32f10x_wwdg.c  0x00000000   Number         0  stm32f10x_wwdg.o ABSOLUTE
    ..\SYSTEM\delay\delay.c                  0x00000000   Number         0  delay.o ABSOLUTE
    ..\SYSTEM\sys\sys.c                      0x00000000   Number         0  sys.o ABSOLUTE
    ..\SYSTEM\usart\usart.c                  0x00000000   Number         0  usart.o ABSOLUTE
    ..\\CORE\\core_cm3.c                     0x00000000   Number         0  core_cm3.o ABSOLUTE
    ..\\SYSTEM\\sys\\sys.c                   0x00000000   Number         0  sys.o ABSOLUTE
    dc.s                                     0x00000000   Number         0  dc.o ABSOLUTE
    main.c                                   0x00000000   Number         0  main.o ABSOLUTE
    stm32f10x_it.c                           0x00000000   Number         0  stm32f10x_it.o ABSOLUTE
    system_stm32f10x.c                       0x00000000   Number         0  system_stm32f10x.o ABSOLUTE
    RESET                                    0x08000000   Section      304  startup_stm32f10x_hd.o(RESET)
    !!!main                                  0x08000130   Section        8  __main.o(!!!main)
    !!!scatter                               0x08000138   Section       52  __scatter.o(!!!scatter)
    !!handler_copy                           0x0800016c   Section       26  __scatter_copy.o(!!handler_copy)
    !!handler_zi                             0x08000188   Section       28  __scatter_zi.o(!!handler_zi)
    .ARM.Collect$$_printf_percent$$00000000  0x080001a4   Section        0  _printf_percent.o(.ARM.Collect$$_printf_percent$$00000000)
    .ARM.Collect$$_printf_percent$$00000009  0x080001a4   Section        6  _printf_d.o(.ARM.Collect$$_printf_percent$$00000009)
    .ARM.Collect$$_printf_percent$$0000000C  0x080001aa   Section        6  _printf_x.o(.ARM.Collect$$_printf_percent$$0000000C)
    .ARM.Collect$$_printf_percent$$00000014  0x080001b0   Section        6  _printf_s.o(.ARM.Collect$$_printf_percent$$00000014)
    .ARM.Collect$$_printf_percent$$00000017  0x080001b6   Section        4  _printf_percent_end.o(.ARM.Collect$$_printf_percent$$00000017)
    .ARM.Collect$$libinit$$00000000          0x080001ba   Section        2  libinit.o(.ARM.Collect$$libinit$$00000000)
    .ARM.Collect$$libinit$$00000002          0x080001bc   Section        0  libinit2.o(.ARM.Collect$$libinit$$00000002)
    .ARM.Collect$$libinit$$00000004          0x080001bc   Section        0  libinit2.o(.ARM.Collect$$libinit$$00000004)
    .ARM.Collect$$libinit$$0000000A          0x080001bc   Section        0  libinit2.o(.ARM.Collect$$libinit$$0000000A)
    .ARM.Collect$$libinit$$0000000C          0x080001bc   Section        0  libinit2.o(.ARM.Collect$$libinit$$0000000C)
    .ARM.Collect$$libinit$$0000000E          0x080001bc   Section        0  libinit2.o(.ARM.Collect$$libinit$$0000000E)
    .ARM.Collect$$libinit$$00000011          0x080001bc   Section        0  libinit2.o(.ARM.Collect$$libinit$$00000011)
    .ARM.Collect$$libinit$$00000013          0x080001bc   Section        0  libinit2.o(.ARM.Collect$$libinit$$00000013)
    .ARM.Collect$$libinit$$00000015          0x080001bc   Section        0  libinit2.o(.ARM.Collect$$libinit$$00000015)
    .ARM.Collect$$libinit$$00000017          0x080001bc   Section        0  libinit2.o(.ARM.Collect$$libinit$$00000017)
    .ARM.Collect$$libinit$$00000019          0x080001bc   Section        0  libinit2.o(.ARM.Collect$$libinit$$00000019)
    .ARM.Collect$$libinit$$0000001B          0x080001bc   Section        0  libinit2.o(.ARM.Collect$$libinit$$0000001B)
    .ARM.Collect$$libinit$$0000001D          0x080001bc   Section        0  libinit2.o(.ARM.Collect$$libinit$$0000001D)
    .ARM.Collect$$libinit$$0000001F          0x080001bc   Section        0  libinit2.o(.ARM.Collect$$libinit$$0000001F)
    .ARM.Collect$$libinit$$00000021          0x080001bc   Section        0  libinit2.o(.ARM.Collect$$libinit$$00000021)
    .ARM.Collect$$libinit$$00000023          0x080001bc   Section        0  libinit2.o(.ARM.Collect$$libinit$$00000023)
    .ARM.Collect$$libinit$$00000025          0x080001bc   Section        0  libinit2.o(.ARM.Collect$$libinit$$00000025)
    .ARM.Collect$$libinit$$0000002C          0x080001bc   Section        0  libinit2.o(.ARM.Collect$$libinit$$0000002C)
    .ARM.Collect$$libinit$$0000002E          0x080001bc   Section        0  libinit2.o(.ARM.Collect$$libinit$$0000002E)
    .ARM.Collect$$libinit$$00000030          0x080001bc   Section        0  libinit2.o(.ARM.Collect$$libinit$$00000030)
    .ARM.Collect$$libinit$$00000032          0x080001bc   Section        0  libinit2.o(.ARM.Collect$$libinit$$00000032)
    .ARM.Collect$$libinit$$00000033          0x080001bc   Section        2  libinit2.o(.ARM.Collect$$libinit$$00000033)
    .ARM.Collect$$libshutdown$$00000000      0x080001be   Section        2  libshutdown.o(.ARM.Collect$$libshutdown$$00000000)
    .ARM.Collect$$libshutdown$$00000003      0x080001c0   Section        0  libshutdown2.o(.ARM.Collect$$libshutdown$$00000003)
    .ARM.Collect$$libshutdown$$00000006      0x080001c0   Section        0  libshutdown2.o(.ARM.Collect$$libshutdown$$00000006)
    .ARM.Collect$$libshutdown$$00000009      0x080001c0   Section        0  libshutdown2.o(.ARM.Collect$$libshutdown$$00000009)
    .ARM.Collect$$libshutdown$$0000000B      0x080001c0   Section        0  libshutdown2.o(.ARM.Collect$$libshutdown$$0000000B)
    .ARM.Collect$$libshutdown$$0000000E      0x080001c0   Section        0  libshutdown2.o(.ARM.Collect$$libshutdown$$0000000E)
    .ARM.Collect$$libshutdown$$0000000F      0x080001c0   Section        2  libshutdown2.o(.ARM.Collect$$libshutdown$$0000000F)
    .ARM.Collect$$rtentry$$00000000          0x080001c2   Section        0  __rtentry.o(.ARM.Collect$$rtentry$$00000000)
    .ARM.Collect$$rtentry$$00000002          0x080001c2   Section        0  __rtentry2.o(.ARM.Collect$$rtentry$$00000002)
    .ARM.Collect$$rtentry$$00000004          0x080001c2   Section        6  __rtentry4.o(.ARM.Collect$$rtentry$$00000004)
    .ARM.Collect$$rtentry$$00000009          0x080001c8   Section        0  __rtentry2.o(.ARM.Collect$$rtentry$$00000009)
    .ARM.Collect$$rtentry$$0000000A          0x080001c8   Section        4  __rtentry2.o(.ARM.Collect$$rtentry$$0000000A)
    .ARM.Collect$$rtentry$$0000000C          0x080001cc   Section        0  __rtentry2.o(.ARM.Collect$$rtentry$$0000000C)
    .ARM.Collect$$rtentry$$0000000D          0x080001cc   Section        8  __rtentry2.o(.ARM.Collect$$rtentry$$0000000D)
    .ARM.Collect$$rtexit$$00000000           0x080001d4   Section        2  rtexit.o(.ARM.Collect$$rtexit$$00000000)
    .ARM.Collect$$rtexit$$00000002           0x080001d6   Section        0  rtexit2.o(.ARM.Collect$$rtexit$$00000002)
    .ARM.Collect$$rtexit$$00000003           0x080001d6   Section        4  rtexit2.o(.ARM.Collect$$rtexit$$00000003)
    .ARM.Collect$$rtexit$$00000004           0x080001da   Section        6  rtexit2.o(.ARM.Collect$$rtexit$$00000004)
    .text                                    0x080001e0   Section        0  main.o(.text)
    .text                                    0x08001540   Section        0  stm32f10x_it.o(.text)
    .text                                    0x0800155c   Section        0  system_stm32f10x.o(.text)
    SetSysClockTo72                          0x0800155d   Thumb Code   214  system_stm32f10x.o(.text)
    SetSysClock                              0x08001633   Thumb Code     8  system_stm32f10x.o(.text)
    .text                                    0x0800173c   Section       64  startup_stm32f10x_hd.o(.text)
    .text                                    0x0800177c   Section        0  misc.o(.text)
    .text                                    0x08001858   Section        0  stm32f10x_bkp.o(.text)
    .text                                    0x0800191c   Section        0  stm32f10x_gpio.o(.text)
    .text                                    0x08001c78   Section        0  stm32f10x_pwr.o(.text)
    .text                                    0x08001d44   Section        0  stm32f10x_rcc.o(.text)
    .text                                    0x080020e8   Section        0  stm32f10x_rtc.o(.text)
    .text                                    0x08002230   Section        0  stm32f10x_usart.o(.text)
    .text                                    0x08002638   Section        0  delay.o(.text)
    .text                                    0x0800270c   Section        0  usart.o(.text)
    .text                                    0x0800284c   Section        0  ctiic.o(.text)
    .text                                    0x08002aac   Section        0  gt9147.o(.text)
    .text                                    0x08002eac   Section        0  ott2001a.o(.text)
    .text                                    0x08003218   Section        0  touch.o(.text)
    .text                                    0x08003e30   Section        0  lcd.o(.text)
    .text                                    0x080096d4   Section        0  24cxx.o(.text)
    .text                                    0x08009850   Section        0  myiic.o(.text)
    .text                                    0x08009aa8   Section        0  rtc.o(.text)
    RTC_NVIC_Config                          0x08009aa9   Thumb Code    32  rtc.o(.text)
    .text                                    0x08009f1c   Section        2  use_no_semi_2.o(.text)
    .text                                    0x08009f20   Section        0  noretval__2printf.o(.text)
    .text                                    0x08009f38   Section        0  noretval__2sprintf.o(.text)
    .text                                    0x08009f60   Section        0  __printf.o(.text)
    .text                                    0x08009fc8   Section        0  _printf_str.o(.text)
    .text                                    0x0800a01c   Section        0  _printf_dec.o(.text)
    .text                                    0x0800a094   Section        0  _printf_hex_int.o(.text)
    .text                                    0x0800a0ec   Section      128  strcmpv7m.o(.text)
    .text                                    0x0800a16c   Section        0  heapauxi.o(.text)
    .text                                    0x0800a172   Section        2  use_no_semi.o(.text)
    .text                                    0x0800a174   Section        0  _rserrno.o(.text)
    .text                                    0x0800a18a   Section        0  _printf_intcommon.o(.text)
    .text                                    0x0800a23c   Section        0  _printf_char_common.o(.text)
    _printf_input_char                       0x0800a23d   Thumb Code    10  _printf_char_common.o(.text)
    .text                                    0x0800a26c   Section        0  _sputc.o(.text)
    .text                                    0x0800a276   Section        0  _printf_char.o(.text)
    .text                                    0x0800a2a4   Section        0  _printf_char_file.o(.text)
    .text                                    0x0800a2c8   Section        8  rt_errno_addr_intlibspace.o(.text)
    .text                                    0x0800a2d0   Section        0  ferror.o(.text)
    .text                                    0x0800a2d8   Section        8  libspace.o(.text)
    .text                                    0x0800a2e0   Section       74  sys_stackheap_outer.o(.text)
    .text                                    0x0800a32a   Section        0  exit.o(.text)
    i.sqrt                                   0x0800a336   Section        0  sqrt.o(i.sqrt)
    x$fpl$dadd                               0x0800a384   Section      336  daddsub_clz.o(x$fpl$dadd)
    _dadd1                                   0x0800a395   Thumb Code     0  daddsub_clz.o(x$fpl$dadd)
    x$fpl$dcmpinf                            0x0800a4d4   Section       24  dcmpi.o(x$fpl$dcmpinf)
    x$fpl$dfixu                              0x0800a4ec   Section       90  dfixu.o(x$fpl$dfixu)
    x$fpl$dflt                               0x0800a546   Section       46  dflt_clz.o(x$fpl$dflt)
    x$fpl$dfltu                              0x0800a574   Section       38  dflt_clz.o(x$fpl$dfltu)
    x$fpl$dleqf                              0x0800a59c   Section      120  dleqf.o(x$fpl$dleqf)
    x$fpl$dmul                               0x0800a614   Section      340  dmul.o(x$fpl$dmul)
    x$fpl$dnaninf                            0x0800a768   Section      156  dnaninf.o(x$fpl$dnaninf)
    x$fpl$dretinf                            0x0800a804   Section       12  dretinf.o(x$fpl$dretinf)
    x$fpl$drleqf                             0x0800a810   Section      108  drleqf.o(x$fpl$drleqf)
    x$fpl$drsb                               0x0800a87c   Section       22  daddsub_clz.o(x$fpl$drsb)
    x$fpl$dsqrt                              0x0800a894   Section      460  dsqrt_noumaal.o(x$fpl$dsqrt)
    x$fpl$dsub                               0x0800aa60   Section      468  daddsub_clz.o(x$fpl$dsub)
    _dsub1                                   0x0800aa71   Thumb Code     0  daddsub_clz.o(x$fpl$dsub)
    x$fpl$f2d                                0x0800ac34   Section       86  f2d.o(x$fpl$f2d)
    x$fpl$fadd                               0x0800ac8c   Section      196  faddsub_clz.o(x$fpl$fadd)
    _fadd1                                   0x0800ac9b   Thumb Code     0  faddsub_clz.o(x$fpl$fadd)
    x$fpl$fdiv                               0x0800ad50   Section      388  fdiv.o(x$fpl$fdiv)
    _fdiv1                                   0x0800ad51   Thumb Code     0  fdiv.o(x$fpl$fdiv)
    x$fpl$ffix                               0x0800aed4   Section       54  ffix.o(x$fpl$ffix)
    x$fpl$ffixu                              0x0800af0c   Section       62  ffixu.o(x$fpl$ffixu)
    x$fpl$fflt                               0x0800af4c   Section       48  fflt_clz.o(x$fpl$fflt)
    x$fpl$ffltu                              0x0800af7c   Section       38  fflt_clz.o(x$fpl$ffltu)
    x$fpl$fmul                               0x0800afa4   Section      258  fmul.o(x$fpl$fmul)
    x$fpl$fnaninf                            0x0800b0a6   Section      140  fnaninf.o(x$fpl$fnaninf)
    x$fpl$fretinf                            0x0800b132   Section       10  fretinf.o(x$fpl$fretinf)
    x$fpl$fsub                               0x0800b13c   Section      234  faddsub_clz.o(x$fpl$fsub)
    _fsub1                                   0x0800b14b   Thumb Code     0  faddsub_clz.o(x$fpl$fsub)
    .constdata                               0x0800b226   Section      194  gt9147.o(.constdata)
    x$fpl$usenofp                            0x0800b226   Section        0  usenofp.o(x$fpl$usenofp)
    .constdata                               0x0800b2e8   Section       10  ott2001a.o(.constdata)
    .constdata                               0x0800b2f2   Section       12  touch.o(.constdata)
    .constdata                               0x0800b2fe   Section     6080  lcd.o(.constdata)
    .constdata                               0x0800cabe   Section       24  rtc.o(.constdata)
    .constdata                               0x0800cad6   Section       40  _printf_hex_int.o(.constdata)
    uc_hextab                                0x0800cad6   Data          20  _printf_hex_int.o(.constdata)
    lc_hextab                                0x0800caea   Data          20  _printf_hex_int.o(.constdata)
    .conststring                             0x0800cb00   Section      121  touch.o(.conststring)
    .data                                    0x20000000   Section      140  main.o(.data)
    .data                                    0x2000008c   Section       20  system_stm32f10x.o(.data)
    .data                                    0x200000a0   Section       20  stm32f10x_rcc.o(.data)
    APBAHBPrescTable                         0x200000a0   Data          16  stm32f10x_rcc.o(.data)
    ADCPrescTable                            0x200000b0   Data           4  stm32f10x_rcc.o(.data)
    .data                                    0x200000b4   Section        4  delay.o(.data)
    fac_us                                   0x200000b4   Data           1  delay.o(.data)
    fac_ms                                   0x200000b6   Data           2  delay.o(.data)
    .data                                    0x200000b8   Section        6  usart.o(.data)
    .data                                    0x200000be   Section        1  gt9147.o(.data)
    t                                        0x200000be   Data           1  gt9147.o(.data)
    .data                                    0x200000bf   Section        1  ott2001a.o(.data)
    t                                        0x200000bf   Data           1  ott2001a.o(.data)
    .data                                    0x200000c0   Section       60  touch.o(.data)
    .data                                    0x200000fc   Section        4  lcd.o(.data)
    .data                                    0x20000100   Section        2  rtc.o(.data)
    daycnt                                   0x20000100   Data           2  rtc.o(.data)
    .bss                                     0x20000104   Section       40  main.o(.bss)
    .bss                                     0x2000012c   Section      200  usart.o(.bss)
    .bss                                     0x200001f4   Section       14  lcd.o(.bss)
    .bss                                     0x20000204   Section       96  libspace.o(.bss)
    HEAP                                     0x20000268   Section      512  startup_stm32f10x_hd.o(HEAP)
    Heap_Mem                                 0x20000268   Data         512  startup_stm32f10x_hd.o(HEAP)
    STACK                                    0x20000468   Section     1024  startup_stm32f10x_hd.o(STACK)
    Stack_Mem                                0x20000468   Data        1024  startup_stm32f10x_hd.o(STACK)
    __initial_sp                             0x20000868   Data           0  startup_stm32f10x_hd.o(STACK)

    Global Symbols

    Symbol Name                              Value     Ov Type        Size  Object(Section)

    BuildAttributes$$THM_ISAv4$P$D$K$B$S$PE$A:L22UL41UL21$X:L11$S22US41US21$IEEE1$IW$USESV6$~STKCKD$USESV7$~SHL$OTIME$ROPI$IEEEJ$EBA8$UX$STANDARDLIB$REQ8$PRES8$EABIv2 0x00000000   Number         0  anon$$obj.o ABSOLUTE
    __ARM_use_no_argv                        0x00000000   Number         0  main.o ABSOLUTE
    __ARM_exceptions_init                     - Undefined Weak Reference
    __alloca_initialize                       - Undefined Weak Reference
    __arm_preinit_                            - Undefined Weak Reference
    __cpp_initialize__aeabi_                  - Undefined Weak Reference
    __cxa_finalize                            - Undefined Weak Reference
    __rt_locale                               - Undefined Weak Reference
    __sigvec_lookup                           - Undefined Weak Reference
    _atexit_init                              - Undefined Weak Reference
    _call_atexit_fns                          - Undefined Weak Reference
    _clock_init                               - Undefined Weak Reference
    _fp_trap_init                             - Undefined Weak Reference
    _fp_trap_shutdown                         - Undefined Weak Reference
    _get_lc_collate                           - Undefined Weak Reference
    _get_lc_ctype                             - Undefined Weak Reference
    _get_lc_monetary                          - Undefined Weak Reference
    _get_lc_numeric                           - Undefined Weak Reference
    _get_lc_time                              - Undefined Weak Reference
    _getenv_init                              - Undefined Weak Reference
    _handle_redirection                       - Undefined Weak Reference
    _init_alloc                               - Undefined Weak Reference
    _init_user_alloc                          - Undefined Weak Reference
    _initio                                   - Undefined Weak Reference
    _mutex_acquire                            - Undefined Weak Reference
    _mutex_release                            - Undefined Weak Reference
    _printf_mbtowc                            - Undefined Weak Reference
    _printf_post_padding                      - Undefined Weak Reference
    _printf_pre_padding                       - Undefined Weak Reference
    _printf_truncate_signed                   - Undefined Weak Reference
    _printf_truncate_unsigned                 - Undefined Weak Reference
    _rand_init                                - Undefined Weak Reference
    _signal_finish                            - Undefined Weak Reference
    _signal_init                              - Undefined Weak Reference
    _terminate_alloc                          - Undefined Weak Reference
    _terminate_user_alloc                     - Undefined Weak Reference
    _terminateio                              - Undefined Weak Reference
    __Vectors_Size                           0x00000130   Number         0  startup_stm32f10x_hd.o ABSOLUTE
    __Vectors                                0x08000000   Data           4  startup_stm32f10x_hd.o(RESET)
    __Vectors_End                            0x08000130   Data           0  startup_stm32f10x_hd.o(RESET)
    __main                                   0x08000131   Thumb Code     8  __main.o(!!!main)
    __scatterload                            0x08000139   Thumb Code     0  __scatter.o(!!!scatter)
    __scatterload_rt2                        0x08000139   Thumb Code    44  __scatter.o(!!!scatter)
    __scatterload_rt2_thumb_only             0x08000139   Thumb Code     0  __scatter.o(!!!scatter)
    __scatterload_null                       0x08000147   Thumb Code     0  __scatter.o(!!!scatter)
    __scatterload_copy                       0x0800016d   Thumb Code    26  __scatter_copy.o(!!handler_copy)
    __scatterload_zeroinit                   0x08000189   Thumb Code    28  __scatter_zi.o(!!handler_zi)
    _printf_d                                0x080001a5   Thumb Code     0  _printf_d.o(.ARM.Collect$$_printf_percent$$00000009)
    _printf_percent                          0x080001a5   Thumb Code     0  _printf_percent.o(.ARM.Collect$$_printf_percent$$00000000)
    _printf_x                                0x080001ab   Thumb Code     0  _printf_x.o(.ARM.Collect$$_printf_percent$$0000000C)
    _printf_s                                0x080001b1   Thumb Code     0  _printf_s.o(.ARM.Collect$$_printf_percent$$00000014)
    _printf_percent_end                      0x080001b7   Thumb Code     0  _printf_percent_end.o(.ARM.Collect$$_printf_percent$$00000017)
    __rt_lib_init                            0x080001bb   Thumb Code     0  libinit.o(.ARM.Collect$$libinit$$00000000)
    __rt_lib_init_alloca_1                   0x080001bd   Thumb Code     0  libinit2.o(.ARM.Collect$$libinit$$0000002E)
    __rt_lib_init_argv_1                     0x080001bd   Thumb Code     0  libinit2.o(.ARM.Collect$$libinit$$0000002C)
    __rt_lib_init_atexit_1                   0x080001bd   Thumb Code     0  libinit2.o(.ARM.Collect$$libinit$$0000001B)
    __rt_lib_init_clock_1                    0x080001bd   Thumb Code     0  libinit2.o(.ARM.Collect$$libinit$$00000021)
    __rt_lib_init_cpp_1                      0x080001bd   Thumb Code     0  libinit2.o(.ARM.Collect$$libinit$$00000032)
    __rt_lib_init_exceptions_1               0x080001bd   Thumb Code     0  libinit2.o(.ARM.Collect$$libinit$$00000030)
    __rt_lib_init_fp_1                       0x080001bd   Thumb Code     0  libinit2.o(.ARM.Collect$$libinit$$00000002)
    __rt_lib_init_fp_trap_1                  0x080001bd   Thumb Code     0  libinit2.o(.ARM.Collect$$libinit$$0000001F)
    __rt_lib_init_getenv_1                   0x080001bd   Thumb Code     0  libinit2.o(.ARM.Collect$$libinit$$00000023)
    __rt_lib_init_heap_1                     0x080001bd   Thumb Code     0  libinit2.o(.ARM.Collect$$libinit$$0000000A)
    __rt_lib_init_lc_collate_1               0x080001bd   Thumb Code     0  libinit2.o(.ARM.Collect$$libinit$$00000011)
    __rt_lib_init_lc_ctype_1                 0x080001bd   Thumb Code     0  libinit2.o(.ARM.Collect$$libinit$$00000013)
    __rt_lib_init_lc_monetary_1              0x080001bd   Thumb Code     0  libinit2.o(.ARM.Collect$$libinit$$00000015)
    __rt_lib_init_lc_numeric_1               0x080001bd   Thumb Code     0  libinit2.o(.ARM.Collect$$libinit$$00000017)
    __rt_lib_init_lc_time_1                  0x080001bd   Thumb Code     0  libinit2.o(.ARM.Collect$$libinit$$00000019)
    __rt_lib_init_preinit_1                  0x080001bd   Thumb Code     0  libinit2.o(.ARM.Collect$$libinit$$00000004)
    __rt_lib_init_rand_1                     0x080001bd   Thumb Code     0  libinit2.o(.ARM.Collect$$libinit$$0000000E)
    __rt_lib_init_return                     0x080001bd   Thumb Code     0  libinit2.o(.ARM.Collect$$libinit$$00000033)
    __rt_lib_init_signal_1                   0x080001bd   Thumb Code     0  libinit2.o(.ARM.Collect$$libinit$$0000001D)
    __rt_lib_init_stdio_1                    0x080001bd   Thumb Code     0  libinit2.o(.ARM.Collect$$libinit$$00000025)
    __rt_lib_init_user_alloc_1               0x080001bd   Thumb Code     0  libinit2.o(.ARM.Collect$$libinit$$0000000C)
    __rt_lib_shutdown                        0x080001bf   Thumb Code     0  libshutdown.o(.ARM.Collect$$libshutdown$$00000000)
    __rt_lib_shutdown_fp_trap_1              0x080001c1   Thumb Code     0  libshutdown2.o(.ARM.Collect$$libshutdown$$00000006)
    __rt_lib_shutdown_heap_1                 0x080001c1   Thumb Code     0  libshutdown2.o(.ARM.Collect$$libshutdown$$0000000E)
    __rt_lib_shutdown_return                 0x080001c1   Thumb Code     0  libshutdown2.o(.ARM.Collect$$libshutdown$$0000000F)
    __rt_lib_shutdown_signal_1               0x080001c1   Thumb Code     0  libshutdown2.o(.ARM.Collect$$libshutdown$$00000009)
    __rt_lib_shutdown_stdio_1                0x080001c1   Thumb Code     0  libshutdown2.o(.ARM.Collect$$libshutdown$$00000003)
    __rt_lib_shutdown_user_alloc_1           0x080001c1   Thumb Code     0  libshutdown2.o(.ARM.Collect$$libshutdown$$0000000B)
    __rt_entry                               0x080001c3   Thumb Code     0  __rtentry.o(.ARM.Collect$$rtentry$$00000000)
    __rt_entry_presh_1                       0x080001c3   Thumb Code     0  __rtentry2.o(.ARM.Collect$$rtentry$$00000002)
    __rt_entry_sh                            0x080001c3   Thumb Code     0  __rtentry4.o(.ARM.Collect$$rtentry$$00000004)
    __rt_entry_li                            0x080001c9   Thumb Code     0  __rtentry2.o(.ARM.Collect$$rtentry$$0000000A)
    __rt_entry_postsh_1                      0x080001c9   Thumb Code     0  __rtentry2.o(.ARM.Collect$$rtentry$$00000009)
    __rt_entry_main                          0x080001cd   Thumb Code     0  __rtentry2.o(.ARM.Collect$$rtentry$$0000000D)
    __rt_entry_postli_1                      0x080001cd   Thumb Code     0  __rtentry2.o(.ARM.Collect$$rtentry$$0000000C)
    __rt_exit                                0x080001d5   Thumb Code     0  rtexit.o(.ARM.Collect$$rtexit$$00000000)
    __rt_exit_ls                             0x080001d7   Thumb Code     0  rtexit2.o(.ARM.Collect$$rtexit$$00000003)
    __rt_exit_prels_1                        0x080001d7   Thumb Code     0  rtexit2.o(.ARM.Collect$$rtexit$$00000002)
    __rt_exit_exit                           0x080001db   Thumb Code     0  rtexit2.o(.ARM.Collect$$rtexit$$00000004)
    DrawWedgeCircle                          0x080001e1   Thumb Code    48  main.o(.text)
    Clock                                    0x08000211   Thumb Code  4834  main.o(.text)
    main                                     0x080014f3   Thumb Code    54  main.o(.text)
    NMI_Handler                              0x08001541   Thumb Code     2  stm32f10x_it.o(.text)
    HardFault_Handler                        0x08001543   Thumb Code     4  stm32f10x_it.o(.text)
    MemManage_Handler                        0x08001547   Thumb Code     4  stm32f10x_it.o(.text)
    BusFault_Handler                         0x0800154b   Thumb Code     4  stm32f10x_it.o(.text)
    UsageFault_Handler                       0x0800154f   Thumb Code     4  stm32f10x_it.o(.text)
    SVC_Handler                              0x08001553   Thumb Code     2  stm32f10x_it.o(.text)
    DebugMon_Handler                         0x08001555   Thumb Code     2  stm32f10x_it.o(.text)
    PendSV_Handler                           0x08001557   Thumb Code     2  stm32f10x_it.o(.text)
    SysTick_Handler                          0x08001559   Thumb Code     2  stm32f10x_it.o(.text)
    SystemInit                               0x0800163b   Thumb Code    78  system_stm32f10x.o(.text)
    SystemCoreClockUpdate                    0x08001689   Thumb Code   142  system_stm32f10x.o(.text)
    Reset_Handler                            0x0800173d   Thumb Code     8  startup_stm32f10x_hd.o(.text)
    ADC1_2_IRQHandler                        0x08001757   Thumb Code     0  startup_stm32f10x_hd.o(.text)
    ADC3_IRQHandler                          0x08001757   Thumb Code     0  startup_stm32f10x_hd.o(.text)
    CAN1_RX1_IRQHandler                      0x08001757   Thumb Code     0  startup_stm32f10x_hd.o(.text)
    CAN1_SCE_IRQHandler                      0x08001757   Thumb Code     0  startup_stm32f10x_hd.o(.text)
    DMA1_Channel1_IRQHandler                 0x08001757   Thumb Code     0  startup_stm32f10x_hd.o(.text)
    DMA1_Channel2_IRQHandler                 0x08001757   Thumb Code     0  startup_stm32f10x_hd.o(.text)
    DMA1_Channel3_IRQHandler                 0x08001757   Thumb Code     0  startup_stm32f10x_hd.o(.text)
    DMA1_Channel4_IRQHandler                 0x08001757   Thumb Code     0  startup_stm32f10x_hd.o(.text)
    DMA1_Channel5_IRQHandler                 0x08001757   Thumb Code     0  startup_stm32f10x_hd.o(.text)
    DMA1_Channel6_IRQHandler                 0x08001757   Thumb Code     0  startup_stm32f10x_hd.o(.text)
    DMA1_Channel7_IRQHandler                 0x08001757   Thumb Code     0  startup_stm32f10x_hd.o(.text)
    DMA2_Channel1_IRQHandler                 0x08001757   Thumb Code     0  startup_stm32f10x_hd.o(.text)
    DMA2_Channel2_IRQHandler                 0x08001757   Thumb Code     0  startup_stm32f10x_hd.o(.text)
    DMA2_Channel3_IRQHandler                 0x08001757   Thumb Code     0  startup_stm32f10x_hd.o(.text)
    DMA2_Channel4_5_IRQHandler               0x08001757   Thumb Code     0  startup_stm32f10x_hd.o(.text)
    EXTI0_IRQHandler                         0x08001757   Thumb Code     0  startup_stm32f10x_hd.o(.text)
    EXTI15_10_IRQHandler                     0x08001757   Thumb Code     0  startup_stm32f10x_hd.o(.text)
    EXTI1_IRQHandler                         0x08001757   Thumb Code     0  startup_stm32f10x_hd.o(.text)
    EXTI2_IRQHandler                         0x08001757   Thumb Code     0  startup_stm32f10x_hd.o(.text)
    EXTI3_IRQHandler                         0x08001757   Thumb Code     0  startup_stm32f10x_hd.o(.text)
    EXTI4_IRQHandler                         0x08001757   Thumb Code     0  startup_stm32f10x_hd.o(.text)
    EXTI9_5_IRQHandler                       0x08001757   Thumb Code     0  startup_stm32f10x_hd.o(.text)
    FLASH_IRQHandler                         0x08001757   Thumb Code     0  startup_stm32f10x_hd.o(.text)
    FSMC_IRQHandler                          0x08001757   Thumb Code     0  startup_stm32f10x_hd.o(.text)
    I2C1_ER_IRQHandler                       0x08001757   Thumb Code     0  startup_stm32f10x_hd.o(.text)
    I2C1_EV_IRQHandler                       0x08001757   Thumb Code     0  startup_stm32f10x_hd.o(.text)
    I2C2_ER_IRQHandler                       0x08001757   Thumb Code     0  startup_stm32f10x_hd.o(.text)
    I2C2_EV_IRQHandler                       0x08001757   Thumb Code     0  startup_stm32f10x_hd.o(.text)
    PVD_IRQHandler                           0x08001757   Thumb Code     0  startup_stm32f10x_hd.o(.text)
    RCC_IRQHandler                           0x08001757   Thumb Code     0  startup_stm32f10x_hd.o(.text)
    RTCAlarm_IRQHandler                      0x08001757   Thumb Code     0  startup_stm32f10x_hd.o(.text)
    SDIO_IRQHandler                          0x08001757   Thumb Code     0  startup_stm32f10x_hd.o(.text)
    SPI1_IRQHandler                          0x08001757   Thumb Code     0  startup_stm32f10x_hd.o(.text)
    SPI2_IRQHandler                          0x08001757   Thumb Code     0  startup_stm32f10x_hd.o(.text)
    SPI3_IRQHandler                          0x08001757   Thumb Code     0  startup_stm32f10x_hd.o(.text)
    TAMPER_IRQHandler                        0x08001757   Thumb Code     0  startup_stm32f10x_hd.o(.text)
    TIM1_BRK_IRQHandler                      0x08001757   Thumb Code     0  startup_stm32f10x_hd.o(.text)
    TIM1_CC_IRQHandler                       0x08001757   Thumb Code     0  startup_stm32f10x_hd.o(.text)
    TIM1_TRG_COM_IRQHandler                  0x08001757   Thumb Code     0  startup_stm32f10x_hd.o(.text)
    TIM1_UP_IRQHandler                       0x08001757   Thumb Code     0  startup_stm32f10x_hd.o(.text)
    TIM2_IRQHandler                          0x08001757   Thumb Code     0  startup_stm32f10x_hd.o(.text)
    TIM3_IRQHandler                          0x08001757   Thumb Code     0  startup_stm32f10x_hd.o(.text)
    TIM4_IRQHandler                          0x08001757   Thumb Code     0  startup_stm32f10x_hd.o(.text)
    TIM5_IRQHandler                          0x08001757   Thumb Code     0  startup_stm32f10x_hd.o(.text)
    TIM6_IRQHandler                          0x08001757   Thumb Code     0  startup_stm32f10x_hd.o(.text)
    TIM7_IRQHandler                          0x08001757   Thumb Code     0  startup_stm32f10x_hd.o(.text)
    TIM8_BRK_IRQHandler                      0x08001757   Thumb Code     0  startup_stm32f10x_hd.o(.text)
    TIM8_CC_IRQHandler                       0x08001757   Thumb Code     0  startup_stm32f10x_hd.o(.text)
    TIM8_TRG_COM_IRQHandler                  0x08001757   Thumb Code     0  startup_stm32f10x_hd.o(.text)
    TIM8_UP_IRQHandler                       0x08001757   Thumb Code     0  startup_stm32f10x_hd.o(.text)
    UART4_IRQHandler                         0x08001757   Thumb Code     0  startup_stm32f10x_hd.o(.text)
    UART5_IRQHandler                         0x08001757   Thumb Code     0  startup_stm32f10x_hd.o(.text)
    USART2_IRQHandler                        0x08001757   Thumb Code     0  startup_stm32f10x_hd.o(.text)
    USART3_IRQHandler                        0x08001757   Thumb Code     0  startup_stm32f10x_hd.o(.text)
    USBWakeUp_IRQHandler                     0x08001757   Thumb Code     0  startup_stm32f10x_hd.o(.text)
    USB_HP_CAN1_TX_IRQHandler                0x08001757   Thumb Code     0  startup_stm32f10x_hd.o(.text)
    USB_LP_CAN1_RX0_IRQHandler               0x08001757   Thumb Code     0  startup_stm32f10x_hd.o(.text)
    WWDG_IRQHandler                          0x08001757   Thumb Code     0  startup_stm32f10x_hd.o(.text)
    __user_initial_stackheap                 0x08001759   Thumb Code     0  startup_stm32f10x_hd.o(.text)
    NVIC_PriorityGroupConfig                 0x0800177d   Thumb Code    10  misc.o(.text)
    NVIC_Init                                0x08001787   Thumb Code   100  misc.o(.text)
    NVIC_SetVectorTable                      0x080017eb   Thumb Code    14  misc.o(.text)
    NVIC_SystemLPConfig                      0x080017f9   Thumb Code    34  misc.o(.text)
    SysTick_CLKSourceConfig                  0x0800181b   Thumb Code    40  misc.o(.text)
    BKP_DeInit                               0x08001859   Thumb Code    16  stm32f10x_bkp.o(.text)
    BKP_TamperPinLevelConfig                 0x08001869   Thumb Code     6  stm32f10x_bkp.o(.text)
    BKP_TamperPinCmd                         0x0800186f   Thumb Code     8  stm32f10x_bkp.o(.text)
    BKP_ITConfig                             0x08001877   Thumb Code     8  stm32f10x_bkp.o(.text)
    BKP_RTCOutputConfig                      0x0800187f   Thumb Code    22  stm32f10x_bkp.o(.text)
    BKP_SetRTCCalibrationValue               0x08001895   Thumb Code    22  stm32f10x_bkp.o(.text)
    BKP_WriteBackupRegister                  0x080018ab   Thumb Code    24  stm32f10x_bkp.o(.text)
    BKP_ReadBackupRegister                   0x080018c3   Thumb Code    26  stm32f10x_bkp.o(.text)
    BKP_GetFlagStatus                        0x080018dd   Thumb Code    10  stm32f10x_bkp.o(.text)
    BKP_ClearFlag                            0x080018e7   Thumb Code    18  stm32f10x_bkp.o(.text)
    BKP_GetITStatus                          0x080018f9   Thumb Code    10  stm32f10x_bkp.o(.text)
    BKP_ClearITPendingBit                    0x08001903   Thumb Code    18  stm32f10x_bkp.o(.text)
    GPIO_DeInit                              0x0800191d   Thumb Code   172  stm32f10x_gpio.o(.text)
    GPIO_AFIODeInit                          0x080019c9   Thumb Code    20  stm32f10x_gpio.o(.text)
    GPIO_Init                                0x080019dd   Thumb Code   278  stm32f10x_gpio.o(.text)
    GPIO_StructInit                          0x08001af3   Thumb Code    16  stm32f10x_gpio.o(.text)
    GPIO_ReadInputDataBit                    0x08001b03   Thumb Code    18  stm32f10x_gpio.o(.text)
    GPIO_ReadInputData                       0x08001b15   Thumb Code     8  stm32f10x_gpio.o(.text)
    GPIO_ReadOutputDataBit                   0x08001b1d   Thumb Code    18  stm32f10x_gpio.o(.text)
    GPIO_ReadOutputData                      0x08001b2f   Thumb Code     8  stm32f10x_gpio.o(.text)
    GPIO_SetBits                             0x08001b37   Thumb Code     4  stm32f10x_gpio.o(.text)
    GPIO_ResetBits                           0x08001b3b   Thumb Code     4  stm32f10x_gpio.o(.text)
    GPIO_WriteBit                            0x08001b3f   Thumb Code    10  stm32f10x_gpio.o(.text)
    GPIO_Write                               0x08001b49   Thumb Code     4  stm32f10x_gpio.o(.text)
    GPIO_PinLockConfig                       0x08001b4d   Thumb Code    18  stm32f10x_gpio.o(.text)
    GPIO_EventOutputConfig                   0x08001b5f   Thumb Code    26  stm32f10x_gpio.o(.text)
    GPIO_EventOutputCmd                      0x08001b79   Thumb Code     6  stm32f10x_gpio.o(.text)
    GPIO_PinRemapConfig                      0x08001b7f   Thumb Code   138  stm32f10x_gpio.o(.text)
    GPIO_EXTILineConfig                      0x08001c09   Thumb Code    66  stm32f10x_gpio.o(.text)
    GPIO_ETH_MediaInterfaceConfig            0x08001c4b   Thumb Code     8  stm32f10x_gpio.o(.text)
    PWR_DeInit                               0x08001c79   Thumb Code    22  stm32f10x_pwr.o(.text)
    PWR_BackupAccessCmd                      0x08001c8f   Thumb Code     6  stm32f10x_pwr.o(.text)
    PWR_PVDCmd                               0x08001c95   Thumb Code     6  stm32f10x_pwr.o(.text)
    PWR_PVDLevelConfig                       0x08001c9b   Thumb Code    18  stm32f10x_pwr.o(.text)
    PWR_WakeUpPinCmd                         0x08001cad   Thumb Code     8  stm32f10x_pwr.o(.text)
    PWR_EnterSTOPMode                        0x08001cb5   Thumb Code    54  stm32f10x_pwr.o(.text)
    PWR_EnterSTANDBYMode                     0x08001ceb   Thumb Code    42  stm32f10x_pwr.o(.text)
    PWR_GetFlagStatus                        0x08001d15   Thumb Code    20  stm32f10x_pwr.o(.text)
    PWR_ClearFlag                            0x08001d29   Thumb Code    14  stm32f10x_pwr.o(.text)
    RCC_DeInit                               0x08001d45   Thumb Code    64  stm32f10x_rcc.o(.text)
    RCC_HSEConfig                            0x08001d85   Thumb Code    70  stm32f10x_rcc.o(.text)
    RCC_GetFlagStatus                        0x08001dcb   Thumb Code    56  stm32f10x_rcc.o(.text)
    RCC_WaitForHSEStartUp                    0x08001e03   Thumb Code    56  stm32f10x_rcc.o(.text)
    RCC_AdjustHSICalibrationValue            0x08001e3b   Thumb Code    20  stm32f10x_rcc.o(.text)
    RCC_HSICmd                               0x08001e4f   Thumb Code     6  stm32f10x_rcc.o(.text)
    RCC_PLLConfig                            0x08001e55   Thumb Code    24  stm32f10x_rcc.o(.text)
    RCC_PLLCmd                               0x08001e6d   Thumb Code     6  stm32f10x_rcc.o(.text)
    RCC_SYSCLKConfig                         0x08001e73   Thumb Code    18  stm32f10x_rcc.o(.text)
    RCC_GetSYSCLKSource                      0x08001e85   Thumb Code    10  stm32f10x_rcc.o(.text)
    RCC_HCLKConfig                           0x08001e8f   Thumb Code    18  stm32f10x_rcc.o(.text)
    RCC_PCLK1Config                          0x08001ea1   Thumb Code    18  stm32f10x_rcc.o(.text)
    RCC_PCLK2Config                          0x08001eb3   Thumb Code    20  stm32f10x_rcc.o(.text)
    RCC_ITConfig                             0x08001ec7   Thumb Code    26  stm32f10x_rcc.o(.text)
    RCC_USBCLKConfig                         0x08001ee1   Thumb Code     8  stm32f10x_rcc.o(.text)
    RCC_ADCCLKConfig                         0x08001ee9   Thumb Code    18  stm32f10x_rcc.o(.text)
    RCC_LSEConfig                            0x08001efb   Thumb Code    50  stm32f10x_rcc.o(.text)
    RCC_LSICmd                               0x08001f2d   Thumb Code     6  stm32f10x_rcc.o(.text)
    RCC_RTCCLKConfig                         0x08001f33   Thumb Code    12  stm32f10x_rcc.o(.text)
    RCC_RTCCLKCmd                            0x08001f3f   Thumb Code     8  stm32f10x_rcc.o(.text)
    RCC_GetClocksFreq                        0x08001f47   Thumb Code   192  stm32f10x_rcc.o(.text)
    RCC_AHBPeriphClockCmd                    0x08002007   Thumb Code    26  stm32f10x_rcc.o(.text)
    RCC_APB2PeriphClockCmd                   0x08002021   Thumb Code    26  stm32f10x_rcc.o(.text)
    RCC_APB1PeriphClockCmd                   0x0800203b   Thumb Code    26  stm32f10x_rcc.o(.text)
    RCC_APB2PeriphResetCmd                   0x08002055   Thumb Code    26  stm32f10x_rcc.o(.text)
    RCC_APB1PeriphResetCmd                   0x0800206f   Thumb Code    26  stm32f10x_rcc.o(.text)
    RCC_BackupResetCmd                       0x08002089   Thumb Code     8  stm32f10x_rcc.o(.text)
    RCC_ClockSecuritySystemCmd               0x08002091   Thumb Code     6  stm32f10x_rcc.o(.text)
    RCC_MCOConfig                            0x08002097   Thumb Code     6  stm32f10x_rcc.o(.text)
    RCC_ClearFlag                            0x0800209d   Thumb Code    14  stm32f10x_rcc.o(.text)
    RCC_GetITStatus                          0x080020ab   Thumb Code    20  stm32f10x_rcc.o(.text)
    RCC_ClearITPendingBit                    0x080020bf   Thumb Code     6  stm32f10x_rcc.o(.text)
    RTC_ITConfig                             0x080020e9   Thumb Code    26  stm32f10x_rtc.o(.text)
    RTC_EnterConfigMode                      0x08002103   Thumb Code    18  stm32f10x_rtc.o(.text)
    RTC_ExitConfigMode                       0x08002115   Thumb Code    20  stm32f10x_rtc.o(.text)
    RTC_GetCounter                           0x08002129   Thumb Code    18  stm32f10x_rtc.o(.text)
    RTC_SetCounter                           0x0800213b   Thumb Code    26  stm32f10x_rtc.o(.text)
    RTC_SetPrescaler                         0x08002155   Thumb Code    28  stm32f10x_rtc.o(.text)
    RTC_SetAlarm                             0x08002171   Thumb Code    26  stm32f10x_rtc.o(.text)
    RTC_GetDivider                           0x0800218b   Thumb Code    22  stm32f10x_rtc.o(.text)
    RTC_WaitForLastTask                      0x080021a1   Thumb Code    18  stm32f10x_rtc.o(.text)
    RTC_WaitForSynchro                       0x080021b3   Thumb Code    36  stm32f10x_rtc.o(.text)
    RTC_GetFlagStatus                        0x080021d7   Thumb Code    22  stm32f10x_rtc.o(.text)
    RTC_ClearFlag                            0x080021ed   Thumb Code    16  stm32f10x_rtc.o(.text)
    RTC_GetITStatus                          0x080021fd   Thumb Code    32  stm32f10x_rtc.o(.text)
    RTC_ClearITPendingBit                    0x0800221d   Thumb Code    16  stm32f10x_rtc.o(.text)
    USART_DeInit                             0x08002231   Thumb Code   134  stm32f10x_usart.o(.text)
    USART_Init                               0x080022b7   Thumb Code   210  stm32f10x_usart.o(.text)
    USART_StructInit                         0x08002389   Thumb Code    24  stm32f10x_usart.o(.text)
    USART_ClockInit                          0x080023a1   Thumb Code    34  stm32f10x_usart.o(.text)
    USART_ClockStructInit                    0x080023c3   Thumb Code    12  stm32f10x_usart.o(.text)
    USART_Cmd                                0x080023cf   Thumb Code    24  stm32f10x_usart.o(.text)
    USART_ITConfig                           0x080023e7   Thumb Code    74  stm32f10x_usart.o(.text)
    USART_DMACmd                             0x08002431   Thumb Code    18  stm32f10x_usart.o(.text)
    USART_SetAddress                         0x08002443   Thumb Code    18  stm32f10x_usart.o(.text)
    USART_WakeUpConfig                       0x08002455   Thumb Code    18  stm32f10x_usart.o(.text)
    USART_ReceiverWakeUpCmd                  0x08002467   Thumb Code    24  stm32f10x_usart.o(.text)
    USART_LINBreakDetectLengthConfig         0x0800247f   Thumb Code    18  stm32f10x_usart.o(.text)
    USART_LINCmd                             0x08002491   Thumb Code    24  stm32f10x_usart.o(.text)
    USART_SendData                           0x080024a9   Thumb Code     8  stm32f10x_usart.o(.text)
    USART_ReceiveData                        0x080024b1   Thumb Code    10  stm32f10x_usart.o(.text)
    USART_SendBreak                          0x080024bb   Thumb Code    10  stm32f10x_usart.o(.text)
    USART_SetGuardTime                       0x080024c5   Thumb Code    16  stm32f10x_usart.o(.text)
    USART_SetPrescaler                       0x080024d5   Thumb Code    16  stm32f10x_usart.o(.text)
    USART_SmartCardCmd                       0x080024e5   Thumb Code    24  stm32f10x_usart.o(.text)
    USART_SmartCardNACKCmd                   0x080024fd   Thumb Code    24  stm32f10x_usart.o(.text)
    USART_HalfDuplexCmd                      0x08002515   Thumb Code    24  stm32f10x_usart.o(.text)
    USART_OverSampling8Cmd                   0x0800252d   Thumb Code    22  stm32f10x_usart.o(.text)
    USART_OneBitMethodCmd                    0x08002543   Thumb Code    24  stm32f10x_usart.o(.text)
    USART_IrDAConfig                         0x0800255b   Thumb Code    18  stm32f10x_usart.o(.text)
    USART_IrDACmd                            0x0800256d   Thumb Code    24  stm32f10x_usart.o(.text)
    USART_GetFlagStatus                      0x08002585   Thumb Code    26  stm32f10x_usart.o(.text)
    USART_ClearFlag                          0x0800259f   Thumb Code    18  stm32f10x_usart.o(.text)
    USART_GetITStatus                        0x080025b1   Thumb Code    84  stm32f10x_usart.o(.text)
    USART_ClearITPendingBit                  0x08002605   Thumb Code    52  stm32f10x_usart.o(.text)
    delay_init                               0x08002639   Thumb Code    50  delay.o(.text)
    delay_us                                 0x0800266b   Thumb Code    72  delay.o(.text)
    delay_ms                                 0x080026b3   Thumb Code    72  delay.o(.text)
    _sys_exit                                0x0800270d   Thumb Code     6  usart.o(.text)
    fputc                                    0x08002713   Thumb Code    24  usart.o(.text)
    uart_init                                0x0800272b   Thumb Code   152  usart.o(.text)
    USART1_IRQHandler                        0x080027c3   Thumb Code   122  usart.o(.text)
    CT_Delay                                 0x0800284d   Thumb Code    10  ctiic.o(.text)
    CT_IIC_Init                              0x08002857   Thumb Code    62  ctiic.o(.text)
    CT_IIC_Start                             0x08002895   Thumb Code    60  ctiic.o(.text)
    CT_IIC_Stop                              0x080028d1   Thumb Code    64  ctiic.o(.text)
    CT_IIC_Wait_Ack                          0x08002911   Thumb Code    86  ctiic.o(.text)
    CT_IIC_Ack                               0x08002967   Thumb Code    66  ctiic.o(.text)
    CT_IIC_NAck                              0x080029a9   Thumb Code    66  ctiic.o(.text)
    CT_IIC_Send_Byte                         0x080029eb   Thumb Code    82  ctiic.o(.text)
    CT_IIC_Read_Byte                         0x08002a3d   Thumb Code    94  ctiic.o(.text)
    GT9147_WR_Reg                            0x08002aad   Thumb Code    92  gt9147.o(.text)
    GT9147_Send_Cfg                          0x08002b09   Thumb Code    86  gt9147.o(.text)
    GT9147_RD_Reg                            0x08002b5f   Thumb Code    98  gt9147.o(.text)
    GT9147_Init                              0x08002bc1   Thumb Code   266  gt9147.o(.text)
    GT9147_Scan                              0x08002ccb   Thumb Code   408  gt9147.o(.text)
    OTT2001A_WR_Reg                          0x08002ead   Thumb Code    92  ott2001a.o(.text)
    OTT2001A_RD_Reg                          0x08002f09   Thumb Code    98  ott2001a.o(.text)
    OTT2001A_SensorControl                   0x08002f6b   Thumb Code    28  ott2001a.o(.text)
    OTT2001A_Init                            0x08002f87   Thumb Code   156  ott2001a.o(.text)
    OTT2001A_Scan                            0x08003023   Thumb Code   446  ott2001a.o(.text)
    TP_Write_Byte                            0x08003219   Thumb Code    56  touch.o(.text)
    TP_Read_AD                               0x08003251   Thumb Code   132  touch.o(.text)
    TP_Read_XOY                              0x080032d5   Thumb Code   120  touch.o(.text)
    TP_Read_XY                               0x0800334d   Thumb Code    38  touch.o(.text)
    TP_Read_XY2                              0x08003373   Thumb Code   192  touch.o(.text)
    TP_Drow_Touch_Point                      0x08003433   Thumb Code   108  touch.o(.text)
    TP_Draw_Big_Point                        0x0800349f   Thumb Code    54  touch.o(.text)
    TP_Scan                                  0x080034d5   Thumb Code   264  touch.o(.text)
    TP_Save_Adjdata                          0x080035dd   Thumb Code   112  touch.o(.text)
    TP_Get_Adjdata                           0x0800364d   Thumb Code   120  touch.o(.text)
    TP_Adj_Info_Show                         0x080036c5   Thumb Code   376  touch.o(.text)
    TP_Adjust                                0x0800383d   Thumb Code  1246  touch.o(.text)
    TP_Init                                  0x08003d1b   Thumb Code   186  touch.o(.text)
    LCD_WR_REG                               0x08003e31   Thumb Code    60  lcd.o(.text)
    LCD_WR_DATAX                             0x08003e6d   Thumb Code    60  lcd.o(.text)
    LCD_RD_DATA                              0x08003ea9   Thumb Code   118  lcd.o(.text)
    LCD_WriteReg                             0x08003f1f   Thumb Code    68  lcd.o(.text)
    LCD_ReadReg                              0x08003f63   Thumb Code    16  lcd.o(.text)
    LCD_WriteRAM_Prepare                     0x08003f73   Thumb Code    12  lcd.o(.text)
    LCD_WriteRAM                             0x08003f7f   Thumb Code    60  lcd.o(.text)
    LCD_BGR2RGB                              0x08003fbb   Thumb Code    26  lcd.o(.text)
    LCD_SetCursor                            0x08003fd5   Thumb Code   860  lcd.o(.text)
    LCD_ReadPoint                            0x08004331   Thumb Code   464  lcd.o(.text)
    LCD_DisplayOn                            0x08004501   Thumb Code    80  lcd.o(.text)
    LCD_DisplayOff                           0x08004551   Thumb Code    78  lcd.o(.text)
    LCD_Scan_Dir                             0x0800459f   Thumb Code  1504  lcd.o(.text)
    LCD_DrawPoint                            0x08004b7f   Thumb Code    76  lcd.o(.text)
    LCD_Fast_DrawPoint                       0x08004bcb   Thumb Code   980  lcd.o(.text)
    LCD_Display_Dir                          0x08004f9f   Thumb Code   420  lcd.o(.text)
    LCD_Set_Window                           0x08005143   Thumb Code  1212  lcd.o(.text)
    LCD_Clear                                0x080055ff   Thumb Code   164  lcd.o(.text)
    LCD_Init                                 0x080056a3   Thumb Code 14876  lcd.o(.text)
    LCD_Fill                                 0x080090bf   Thumb Code   226  lcd.o(.text)
    LCD_Color_Fill                           0x080091a1   Thumb Code   140  lcd.o(.text)
    LCD_DrawLine                             0x0800922d   Thumb Code   176  lcd.o(.text)
    LCD_DrawRectangle                        0x080092dd   Thumb Code    80  lcd.o(.text)
    LCD_Draw_Circle                          0x0800932d   Thumb Code   176  lcd.o(.text)
    LCD_ShowChar                             0x080093dd   Thumb Code   272  lcd.o(.text)
    LCD_Pow                                  0x080094ed   Thumb Code    22  lcd.o(.text)
    LCD_ShowNum                              0x08009503   Thumb Code   148  lcd.o(.text)
    LCD_ShowxNum                             0x08009597   Thumb Code   190  lcd.o(.text)
    LCD_ShowString                           0x08009655   Thumb Code   102  lcd.o(.text)
    AT24CXX_Init                             0x080096d5   Thumb Code     8  24cxx.o(.text)
    AT24CXX_ReadOneByte                      0x080096dd   Thumb Code    88  24cxx.o(.text)
    AT24CXX_WriteOneByte                     0x08009735   Thumb Code    80  24cxx.o(.text)
    AT24CXX_WriteLenByte                     0x08009785   Thumb Code    42  24cxx.o(.text)
    AT24CXX_ReadLenByte                      0x080097af   Thumb Code    44  24cxx.o(.text)
    AT24CXX_Check                            0x080097db   Thumb Code    46  24cxx.o(.text)
    AT24CXX_Read                             0x08009809   Thumb Code    34  24cxx.o(.text)
    AT24CXX_Write                            0x0800982b   Thumb Code    36  24cxx.o(.text)
    IIC_Init                                 0x08009851   Thumb Code    52  myiic.o(.text)
    IIC_Start                                0x08009885   Thumb Code    68  myiic.o(.text)
    IIC_Stop                                 0x080098c9   Thumb Code    62  myiic.o(.text)
    IIC_Wait_Ack                             0x08009907   Thumb Code    86  myiic.o(.text)
    IIC_Ack                                  0x0800995d   Thumb Code    66  myiic.o(.text)
    IIC_NAck                                 0x0800999f   Thumb Code    66  myiic.o(.text)
    IIC_Send_Byte                            0x080099e1   Thumb Code    90  myiic.o(.text)
    IIC_Read_Byte                            0x08009a3b   Thumb Code    98  myiic.o(.text)
    RTC_Get_Week                             0x08009ac9   Thumb Code   116  rtc.o(.text)
    Is_Leap_Year                             0x08009b3d   Thumb Code    58  rtc.o(.text)
    RTC_Get                                  0x08009b77   Thumb Code   240  rtc.o(.text)
    RTC_Set                                  0x08009c67   Thumb Code   184  rtc.o(.text)
    RTC_Init                                 0x08009d1f   Thumb Code   190  rtc.o(.text)
    RTC_IRQHandler                           0x08009ddd   Thumb Code    40  rtc.o(.text)
    RTC_Alarm_Set                            0x08009e05   Thumb Code   240  rtc.o(.text)
    __use_no_semihosting                     0x08009f1d   Thumb Code     2  use_no_semi_2.o(.text)
    __2printf                                0x08009f21   Thumb Code    20  noretval__2printf.o(.text)
    __2sprintf                               0x08009f39   Thumb Code    34  noretval__2sprintf.o(.text)
    __printf                                 0x08009f61   Thumb Code   104  __printf.o(.text)
    _printf_str                              0x08009fc9   Thumb Code    82  _printf_str.o(.text)
    _printf_int_dec                          0x0800a01d   Thumb Code   104  _printf_dec.o(.text)
    _printf_int_hex                          0x0800a095   Thumb Code    84  _printf_hex_int.o(.text)
    _printf_longlong_hex                     0x0800a095   Thumb Code     0  _printf_hex_int.o(.text)
    strcmp                                   0x0800a0ed   Thumb Code   128  strcmpv7m.o(.text)
    __use_two_region_memory                  0x0800a16d   Thumb Code     2  heapauxi.o(.text)
    __rt_heap_escrow$2region                 0x0800a16f   Thumb Code     2  heapauxi.o(.text)
    __rt_heap_expand$2region                 0x0800a171   Thumb Code     2  heapauxi.o(.text)
    __I$use$semihosting                      0x0800a173   Thumb Code     0  use_no_semi.o(.text)
    __use_no_semihosting_swi                 0x0800a173   Thumb Code     2  use_no_semi.o(.text)
    __read_errno                             0x0800a175   Thumb Code    10  _rserrno.o(.text)
    __set_errno                              0x0800a17f   Thumb Code    12  _rserrno.o(.text)
    _printf_int_common                       0x0800a18b   Thumb Code   178  _printf_intcommon.o(.text)
    _printf_char_common                      0x0800a247   Thumb Code    32  _printf_char_common.o(.text)
    _sputc                                   0x0800a26d   Thumb Code    10  _sputc.o(.text)
    _printf_cs_common                        0x0800a277   Thumb Code    20  _printf_char.o(.text)
    _printf_char                             0x0800a28b   Thumb Code    16  _printf_char.o(.text)
    _printf_string                           0x0800a29b   Thumb Code     8  _printf_char.o(.text)
    _printf_char_file                        0x0800a2a5   Thumb Code    32  _printf_char_file.o(.text)
    __aeabi_errno_addr                       0x0800a2c9   Thumb Code     8  rt_errno_addr_intlibspace.o(.text)
    __errno$intlibspace                      0x0800a2c9   Thumb Code     0  rt_errno_addr_intlibspace.o(.text)
    __rt_errno_addr$intlibspace              0x0800a2c9   Thumb Code     0  rt_errno_addr_intlibspace.o(.text)
    ferror                                   0x0800a2d1   Thumb Code     8  ferror.o(.text)
    __user_libspace                          0x0800a2d9   Thumb Code     8  libspace.o(.text)
    __user_perproc_libspace                  0x0800a2d9   Thumb Code     0  libspace.o(.text)
    __user_perthread_libspace                0x0800a2d9   Thumb Code     0  libspace.o(.text)
    __user_setup_stackheap                   0x0800a2e1   Thumb Code    74  sys_stackheap_outer.o(.text)
    exit                                     0x0800a32b   Thumb Code    12  exit.o(.text)
    sqrt                                     0x0800a337   Thumb Code    76  sqrt.o(i.sqrt)
    __aeabi_dadd                             0x0800a385   Thumb Code     0  daddsub_clz.o(x$fpl$dadd)
    _dadd                                    0x0800a385   Thumb Code   332  daddsub_clz.o(x$fpl$dadd)
    __fpl_dcmp_Inf                           0x0800a4d5   Thumb Code    24  dcmpi.o(x$fpl$dcmpinf)
    __aeabi_d2uiz                            0x0800a4ed   Thumb Code     0  dfixu.o(x$fpl$dfixu)
    _dfixu                                   0x0800a4ed   Thumb Code    90  dfixu.o(x$fpl$dfixu)
    __aeabi_i2d                              0x0800a547   Thumb Code     0  dflt_clz.o(x$fpl$dflt)
    _dflt                                    0x0800a547   Thumb Code    46  dflt_clz.o(x$fpl$dflt)
    __aeabi_ui2d                             0x0800a575   Thumb Code     0  dflt_clz.o(x$fpl$dfltu)
    _dfltu                                   0x0800a575   Thumb Code    38  dflt_clz.o(x$fpl$dfltu)
    __aeabi_cdcmple                          0x0800a59d   Thumb Code     0  dleqf.o(x$fpl$dleqf)
    _dcmple                                  0x0800a59d   Thumb Code   120  dleqf.o(x$fpl$dleqf)
    __fpl_dcmple_InfNaN                      0x0800a5ff   Thumb Code     0  dleqf.o(x$fpl$dleqf)
    __aeabi_dmul                             0x0800a615   Thumb Code     0  dmul.o(x$fpl$dmul)
    _dmul                                    0x0800a615   Thumb Code   332  dmul.o(x$fpl$dmul)
    __fpl_dnaninf                            0x0800a769   Thumb Code   156  dnaninf.o(x$fpl$dnaninf)
    __fpl_dretinf                            0x0800a805   Thumb Code    12  dretinf.o(x$fpl$dretinf)
    __aeabi_cdrcmple                         0x0800a811   Thumb Code     0  drleqf.o(x$fpl$drleqf)
    _drcmple                                 0x0800a811   Thumb Code   108  drleqf.o(x$fpl$drleqf)
    __aeabi_drsub                            0x0800a87d   Thumb Code     0  daddsub_clz.o(x$fpl$drsb)
    _drsb                                    0x0800a87d   Thumb Code    22  daddsub_clz.o(x$fpl$drsb)
    _dsqrt                                   0x0800a895   Thumb Code   456  dsqrt_noumaal.o(x$fpl$dsqrt)
    __aeabi_dsub                             0x0800aa61   Thumb Code     0  daddsub_clz.o(x$fpl$dsub)
    _dsub                                    0x0800aa61   Thumb Code   464  daddsub_clz.o(x$fpl$dsub)
    __aeabi_f2d                              0x0800ac35   Thumb Code     0  f2d.o(x$fpl$f2d)
    _f2d                                     0x0800ac35   Thumb Code    86  f2d.o(x$fpl$f2d)
    __aeabi_fadd                             0x0800ac8d   Thumb Code     0  faddsub_clz.o(x$fpl$fadd)
    _fadd                                    0x0800ac8d   Thumb Code   196  faddsub_clz.o(x$fpl$fadd)
    __aeabi_fdiv                             0x0800ad51   Thumb Code     0  fdiv.o(x$fpl$fdiv)
    _fdiv                                    0x0800ad51   Thumb Code   384  fdiv.o(x$fpl$fdiv)
    __aeabi_f2iz                             0x0800aed5   Thumb Code     0  ffix.o(x$fpl$ffix)
    _ffix                                    0x0800aed5   Thumb Code    54  ffix.o(x$fpl$ffix)
    __aeabi_f2uiz                            0x0800af0d   Thumb Code     0  ffixu.o(x$fpl$ffixu)
    _ffixu                                   0x0800af0d   Thumb Code    62  ffixu.o(x$fpl$ffixu)
    __aeabi_i2f                              0x0800af4d   Thumb Code     0  fflt_clz.o(x$fpl$fflt)
    _fflt                                    0x0800af4d   Thumb Code    48  fflt_clz.o(x$fpl$fflt)
    __aeabi_ui2f                             0x0800af7d   Thumb Code     0  fflt_clz.o(x$fpl$ffltu)
    _ffltu                                   0x0800af7d   Thumb Code    38  fflt_clz.o(x$fpl$ffltu)
    __aeabi_fmul                             0x0800afa5   Thumb Code     0  fmul.o(x$fpl$fmul)
    _fmul                                    0x0800afa5   Thumb Code   258  fmul.o(x$fpl$fmul)
    __fpl_fnaninf                            0x0800b0a7   Thumb Code   140  fnaninf.o(x$fpl$fnaninf)
    __fpl_fretinf                            0x0800b133   Thumb Code    10  fretinf.o(x$fpl$fretinf)
    __aeabi_fsub                             0x0800b13d   Thumb Code     0  faddsub_clz.o(x$fpl$fsub)
    _fsub                                    0x0800b13d   Thumb Code   234  faddsub_clz.o(x$fpl$fsub)
    GT9147_CFG_TBL                           0x0800b226   Data         184  gt9147.o(.constdata)
    __I$use$fp                               0x0800b226   Number         0  usenofp.o(x$fpl$usenofp)
    GT9147_TPX_TBL                           0x0800b2de   Data          10  gt9147.o(.constdata)
    OTT_TPX_TBL                              0x0800b2e8   Data          10  ott2001a.o(.constdata)
    TP_ADJDIS_TBL                            0x0800b2f2   Data          12  touch.o(.constdata)
    asc2_1206                                0x0800b2fe   Data        1140  lcd.o(.constdata)
    asc2_1608                                0x0800b772   Data        1520  lcd.o(.constdata)
    asc2_2412                                0x0800bd62   Data        3420  lcd.o(.constdata)
    table_week                               0x0800cabe   Data          12  rtc.o(.constdata)
    mon_table                                0x0800caca   Data          12  rtc.o(.constdata)
    Region$$Table$$Base                      0x0800cb7c   Number         0  anon$$obj.o(Region$$Table)
    Region$$Table$$Limit                     0x0800cb9c   Number         0  anon$$obj.o(Region$$Table)
    Hour                                     0x20000000   Data           1  main.o(.data)
    Minute                                   0x20000001   Data           1  main.o(.data)
    Sec                                      0x20000002   Data           1  main.o(.data)
    Day                                      0x20000003   Data           1  main.o(.data)
    totalM                                   0x20000004   Data           4  main.o(.data)
    LastMin                                  0x20000008   Data           1  main.o(.data)
    bRefresh                                 0x20000009   Data           1  main.o(.data)
    Per                                      0x2000000a   Data           1  main.o(.data)
    PersentageFlag                           0x2000000b   Data           1  main.o(.data)
    Min                                      0x2000000c   Data           3  main.o(.data)
    Hou                                      0x2000000f   Data           3  main.o(.data)
    SecS                                     0x20000012   Data           3  main.o(.data)
    PerS                                     0x20000015   Data           3  main.o(.data)
    TimeList                                 0x20000018   Data         116  main.o(.data)
    SystemCoreClock                          0x2000008c   Data           4  system_stm32f10x.o(.data)
    AHBPrescTable                            0x20000090   Data          16  system_stm32f10x.o(.data)
    __stdout                                 0x200000b8   Data           4  usart.o(.data)
    USART_RX_STA                             0x200000bc   Data           2  usart.o(.data)
    tp_dev                                   0x200000c0   Data          52  touch.o(.data)
    CMD_RDX                                  0x200000f4   Data           1  touch.o(.data)
    CMD_RDY                                  0x200000f5   Data           1  touch.o(.data)
    TP_REMIND_MSG_TBL                        0x200000f8   Data           4  touch.o(.data)
    POINT_COLOR                              0x200000fc   Data           2  lcd.o(.data)
    BACK_COLOR                               0x200000fe   Data           2  lcd.o(.data)
    calendar                                 0x20000104   Data          10  main.o(.bss)
    TimeStr                                  0x2000010e   Data          15  main.o(.bss)
    DateStr                                  0x2000011d   Data          15  main.o(.bss)
    USART_RX_BUF                             0x2000012c   Data         200  usart.o(.bss)
    lcddev                                   0x200001f4   Data          14  lcd.o(.bss)
    __libspace_start                         0x20000204   Data          96  libspace.o(.bss)
    __temporary_stack_top$libspace           0x20000264   Data           0  libspace.o(.bss)



==============================================================================

Memory Map of the image

  Image Entry point : 0x08000131

  Load Region LR_IROM1 (Base: 0x08000000, Size: 0x0000cca0, Max: 0x00040000, ABSOLUTE)

    Execution Region ER_IROM1 (Base: 0x08000000, Size: 0x0000cb9c, Max: 0x00040000, ABSOLUTE)

    Base Addr    Size         Type   Attr      Idx    E Section Name        Object

    0x08000000   0x00000130   Data   RO          218    RESET               startup_stm32f10x_hd.o
    0x08000130   0x00000008   Code   RO          769  * !!!main             c_w.l(__main.o)
    0x08000138   0x00000034   Code   RO         1018    !!!scatter          c_w.l(__scatter.o)
    0x0800016c   0x0000001a   Code   RO         1020    !!handler_copy      c_w.l(__scatter_copy.o)
    0x08000186   0x00000002   PAD
    0x08000188   0x0000001c   Code   RO         1022    !!handler_zi        c_w.l(__scatter_zi.o)
    0x080001a4   0x00000000   Code   RO          764    .ARM.Collect$$_printf_percent$$00000000  c_w.l(_printf_percent.o)
    0x080001a4   0x00000006   Code   RO          763    .ARM.Collect$$_printf_percent$$00000009  c_w.l(_printf_d.o)
    0x080001aa   0x00000006   Code   RO          762    .ARM.Collect$$_printf_percent$$0000000C  c_w.l(_printf_x.o)
    0x080001b0   0x00000006   Code   RO          761    .ARM.Collect$$_printf_percent$$00000014  c_w.l(_printf_s.o)
    0x080001b6   0x00000004   Code   RO          844    .ARM.Collect$$_printf_percent$$00000017  c_w.l(_printf_percent_end.o)
    0x080001ba   0x00000002   Code   RO          896    .ARM.Collect$$libinit$$00000000  c_w.l(libinit.o)
    0x080001bc   0x00000000   Code   RO          900    .ARM.Collect$$libinit$$00000002  c_w.l(libinit2.o)
    0x080001bc   0x00000000   Code   RO          902    .ARM.Collect$$libinit$$00000004  c_w.l(libinit2.o)
    0x080001bc   0x00000000   Code   RO          905    .ARM.Collect$$libinit$$0000000A  c_w.l(libinit2.o)
    0x080001bc   0x00000000   Code   RO          907    .ARM.Collect$$libinit$$0000000C  c_w.l(libinit2.o)
    0x080001bc   0x00000000   Code   RO          909    .ARM.Collect$$libinit$$0000000E  c_w.l(libinit2.o)
    0x080001bc   0x00000000   Code   RO          912    .ARM.Collect$$libinit$$00000011  c_w.l(libinit2.o)
    0x080001bc   0x00000000   Code   RO          914    .ARM.Collect$$libinit$$00000013  c_w.l(libinit2.o)
    0x080001bc   0x00000000   Code   RO          916    .ARM.Collect$$libinit$$00000015  c_w.l(libinit2.o)
    0x080001bc   0x00000000   Code   RO          918    .ARM.Collect$$libinit$$00000017  c_w.l(libinit2.o)
    0x080001bc   0x00000000   Code   RO          920    .ARM.Collect$$libinit$$00000019  c_w.l(libinit2.o)
    0x080001bc   0x00000000   Code   RO          922    .ARM.Collect$$libinit$$0000001B  c_w.l(libinit2.o)
    0x080001bc   0x00000000   Code   RO          924    .ARM.Collect$$libinit$$0000001D  c_w.l(libinit2.o)
    0x080001bc   0x00000000   Code   RO          926    .ARM.Collect$$libinit$$0000001F  c_w.l(libinit2.o)
    0x080001bc   0x00000000   Code   RO          928    .ARM.Collect$$libinit$$00000021  c_w.l(libinit2.o)
    0x080001bc   0x00000000   Code   RO          930    .ARM.Collect$$libinit$$00000023  c_w.l(libinit2.o)
    0x080001bc   0x00000000   Code   RO          932    .ARM.Collect$$libinit$$00000025  c_w.l(libinit2.o)
    0x080001bc   0x00000000   Code   RO          936    .ARM.Collect$$libinit$$0000002C  c_w.l(libinit2.o)
    0x080001bc   0x00000000   Code   RO          938    .ARM.Collect$$libinit$$0000002E  c_w.l(libinit2.o)
    0x080001bc   0x00000000   Code   RO          940    .ARM.Collect$$libinit$$00000030  c_w.l(libinit2.o)
    0x080001bc   0x00000000   Code   RO          942    .ARM.Collect$$libinit$$00000032  c_w.l(libinit2.o)
    0x080001bc   0x00000002   Code   RO          943    .ARM.Collect$$libinit$$00000033  c_w.l(libinit2.o)
    0x080001be   0x00000002   Code   RO          961    .ARM.Collect$$libshutdown$$00000000  c_w.l(libshutdown.o)
    0x080001c0   0x00000000   Code   RO          972    .ARM.Collect$$libshutdown$$00000003  c_w.l(libshutdown2.o)
    0x080001c0   0x00000000   Code   RO          975    .ARM.Collect$$libshutdown$$00000006  c_w.l(libshutdown2.o)
    0x080001c0   0x00000000   Code   RO          978    .ARM.Collect$$libshutdown$$00000009  c_w.l(libshutdown2.o)
    0x080001c0   0x00000000   Code   RO          980    .ARM.Collect$$libshutdown$$0000000B  c_w.l(libshutdown2.o)
    0x080001c0   0x00000000   Code   RO          983    .ARM.Collect$$libshutdown$$0000000E  c_w.l(libshutdown2.o)
    0x080001c0   0x00000002   Code   RO          984    .ARM.Collect$$libshutdown$$0000000F  c_w.l(libshutdown2.o)
    0x080001c2   0x00000000   Code   RO          831    .ARM.Collect$$rtentry$$00000000  c_w.l(__rtentry.o)
    0x080001c2   0x00000000   Code   RO          859    .ARM.Collect$$rtentry$$00000002  c_w.l(__rtentry2.o)
    0x080001c2   0x00000006   Code   RO          871    .ARM.Collect$$rtentry$$00000004  c_w.l(__rtentry4.o)
    0x080001c8   0x00000000   Code   RO          861    .ARM.Collect$$rtentry$$00000009  c_w.l(__rtentry2.o)
    0x080001c8   0x00000004   Code   RO          862    .ARM.Collect$$rtentry$$0000000A  c_w.l(__rtentry2.o)
    0x080001cc   0x00000000   Code   RO          864    .ARM.Collect$$rtentry$$0000000C  c_w.l(__rtentry2.o)
    0x080001cc   0x00000008   Code   RO          865    .ARM.Collect$$rtentry$$0000000D  c_w.l(__rtentry2.o)
    0x080001d4   0x00000002   Code   RO          897    .ARM.Collect$$rtexit$$00000000  c_w.l(rtexit.o)
    0x080001d6   0x00000000   Code   RO          945    .ARM.Collect$$rtexit$$00000002  c_w.l(rtexit2.o)
    0x080001d6   0x00000004   Code   RO          946    .ARM.Collect$$rtexit$$00000003  c_w.l(rtexit2.o)
    0x080001da   0x00000006   Code   RO          947    .ARM.Collect$$rtexit$$00000004  c_w.l(rtexit2.o)
    0x080001e0   0x00001360   Code   RO            1    .text               main.o
    0x08001540   0x0000001a   Code   RO          146    .text               stm32f10x_it.o
    0x0800155a   0x00000002   PAD
    0x0800155c   0x000001e0   Code   RO          187    .text               system_stm32f10x.o
    0x0800173c   0x00000040   Code   RO          219    .text               startup_stm32f10x_hd.o
    0x0800177c   0x000000dc   Code   RO          223    .text               misc.o
    0x08001858   0x000000c4   Code   RO          247    .text               stm32f10x_bkp.o
    0x0800191c   0x0000035c   Code   RO          367    .text               stm32f10x_gpio.o
    0x08001c78   0x000000cc   Code   RO          403    .text               stm32f10x_pwr.o
    0x08001d44   0x000003a4   Code   RO          415    .text               stm32f10x_rcc.o
    0x080020e8   0x00000148   Code   RO          429    .text               stm32f10x_rtc.o
    0x08002230   0x00000408   Code   RO          477    .text               stm32f10x_usart.o
    0x08002638   0x000000d4   Code   RO          501    .text               delay.o
    0x0800270c   0x00000140   Code   RO          531    .text               usart.o
    0x0800284c   0x00000260   Code   RO          554    .text               ctiic.o
    0x08002aac   0x00000400   Code   RO          569    .text               gt9147.o
    0x08002eac   0x0000036c   Code   RO          588    .text               ott2001a.o
    0x08003218   0x00000c18   Code   RO          604    .text               touch.o
    0x08003e30   0x000058a4   Code   RO          631    .text               lcd.o
    0x080096d4   0x0000017a   Code   RO          658    .text               24cxx.o
    0x0800984e   0x00000002   PAD
    0x08009850   0x00000258   Code   RO          670    .text               myiic.o
    0x08009aa8   0x00000474   Code   RO          682    .text               rtc.o
    0x08009f1c   0x00000002   Code   RO          704    .text               c_w.l(use_no_semi_2.o)
    0x08009f1e   0x00000002   PAD
    0x08009f20   0x00000018   Code   RO          710    .text               c_w.l(noretval__2printf.o)
    0x08009f38   0x00000028   Code   RO          712    .text               c_w.l(noretval__2sprintf.o)
    0x08009f60   0x00000068   Code   RO          714    .text               c_w.l(__printf.o)
    0x08009fc8   0x00000052   Code   RO          716    .text               c_w.l(_printf_str.o)
    0x0800a01a   0x00000002   PAD
    0x0800a01c   0x00000078   Code   RO          718    .text               c_w.l(_printf_dec.o)
    0x0800a094   0x00000058   Code   RO          723    .text               c_w.l(_printf_hex_int.o)
    0x0800a0ec   0x00000080   Code   RO          765    .text               c_w.l(strcmpv7m.o)
    0x0800a16c   0x00000006   Code   RO          767    .text               c_w.l(heapauxi.o)
    0x0800a172   0x00000002   Code   RO          829    .text               c_w.l(use_no_semi.o)
    0x0800a174   0x00000016   Code   RO          832    .text               c_w.l(_rserrno.o)
    0x0800a18a   0x000000b2   Code   RO          834    .text               c_w.l(_printf_intcommon.o)
    0x0800a23c   0x00000030   Code   RO          836    .text               c_w.l(_printf_char_common.o)
    0x0800a26c   0x0000000a   Code   RO          838    .text               c_w.l(_sputc.o)
    0x0800a276   0x0000002c   Code   RO          840    .text               c_w.l(_printf_char.o)
    0x0800a2a2   0x00000002   PAD
    0x0800a2a4   0x00000024   Code   RO          842    .text               c_w.l(_printf_char_file.o)
    0x0800a2c8   0x00000008   Code   RO          876    .text               c_w.l(rt_errno_addr_intlibspace.o)
    0x0800a2d0   0x00000008   Code   RO          880    .text               c_w.l(ferror.o)
    0x0800a2d8   0x00000008   Code   RO          884    .text               c_w.l(libspace.o)
    0x0800a2e0   0x0000004a   Code   RO          887    .text               c_w.l(sys_stackheap_outer.o)
    0x0800a32a   0x0000000c   Code   RO          889    .text               c_w.l(exit.o)
    0x0800a336   0x0000004c   Code   RO          822    i.sqrt              m_ws.l(sqrt.o)
    0x0800a382   0x00000002   PAD
    0x0800a384   0x00000150   Code   RO          771    x$fpl$dadd          fz_ws.l(daddsub_clz.o)
    0x0800a4d4   0x00000018   Code   RO          845    x$fpl$dcmpinf       fz_ws.l(dcmpi.o)
    0x0800a4ec   0x0000005a   Code   RO          777    x$fpl$dfixu         fz_ws.l(dfixu.o)
    0x0800a546   0x0000002e   Code   RO          782    x$fpl$dflt          fz_ws.l(dflt_clz.o)
    0x0800a574   0x00000026   Code   RO          781    x$fpl$dfltu         fz_ws.l(dflt_clz.o)
    0x0800a59a   0x00000002   PAD
    0x0800a59c   0x00000078   Code   RO          787    x$fpl$dleqf         fz_ws.l(dleqf.o)
    0x0800a614   0x00000154   Code   RO          789    x$fpl$dmul          fz_ws.l(dmul.o)
    0x0800a768   0x0000009c   Code   RO          847    x$fpl$dnaninf       fz_ws.l(dnaninf.o)
    0x0800a804   0x0000000c   Code   RO          849    x$fpl$dretinf       fz_ws.l(dretinf.o)
    0x0800a810   0x0000006c   Code   RO          791    x$fpl$drleqf        fz_ws.l(drleqf.o)
    0x0800a87c   0x00000016   Code   RO          772    x$fpl$drsb          fz_ws.l(daddsub_clz.o)
    0x0800a892   0x00000002   PAD
    0x0800a894   0x000001cc   Code   RO          851    x$fpl$dsqrt         fz_ws.l(dsqrt_noumaal.o)
    0x0800aa60   0x000001d4   Code   RO          773    x$fpl$dsub          fz_ws.l(daddsub_clz.o)
    0x0800ac34   0x00000056   Code   RO          793    x$fpl$f2d           fz_ws.l(f2d.o)
    0x0800ac8a   0x00000002   PAD
    0x0800ac8c   0x000000c4   Code   RO          795    x$fpl$fadd          fz_ws.l(faddsub_clz.o)
    0x0800ad50   0x00000184   Code   RO          802    x$fpl$fdiv          fz_ws.l(fdiv.o)
    0x0800aed4   0x00000036   Code   RO          805    x$fpl$ffix          fz_ws.l(ffix.o)
    0x0800af0a   0x00000002   PAD
    0x0800af0c   0x0000003e   Code   RO          809    x$fpl$ffixu         fz_ws.l(ffixu.o)
    0x0800af4a   0x00000002   PAD
    0x0800af4c   0x00000030   Code   RO          814    x$fpl$fflt          fz_ws.l(fflt_clz.o)
    0x0800af7c   0x00000026   Code   RO          813    x$fpl$ffltu         fz_ws.l(fflt_clz.o)
    0x0800afa2   0x00000002   PAD
    0x0800afa4   0x00000102   Code   RO          819    x$fpl$fmul          fz_ws.l(fmul.o)
    0x0800b0a6   0x0000008c   Code   RO          853    x$fpl$fnaninf       fz_ws.l(fnaninf.o)
    0x0800b132   0x0000000a   Code   RO          855    x$fpl$fretinf       fz_ws.l(fretinf.o)
    0x0800b13c   0x000000ea   Code   RO          797    x$fpl$fsub          fz_ws.l(faddsub_clz.o)
    0x0800b226   0x00000000   Code   RO          857    x$fpl$usenofp       fz_ws.l(usenofp.o)
    0x0800b226   0x000000c2   Data   RO          570    .constdata          gt9147.o
    0x0800b2e8   0x0000000a   Data   RO          589    .constdata          ott2001a.o
    0x0800b2f2   0x0000000c   Data   RO          605    .constdata          touch.o
    0x0800b2fe   0x000017c0   Data   RO          633    .constdata          lcd.o
    0x0800cabe   0x00000018   Data   RO          683    .constdata          rtc.o
    0x0800cad6   0x00000028   Data   RO          724    .constdata          c_w.l(_printf_hex_int.o)
    0x0800cafe   0x00000002   PAD
    0x0800cb00   0x00000079   Data   RO          606    .conststring        touch.o
    0x0800cb79   0x00000003   PAD
    0x0800cb7c   0x00000020   Data   RO         1016    Region$$Table       anon$$obj.o


    Execution Region RW_IRAM1 (Base: 0x20000000, Size: 0x00000868, Max: 0x0000c000, ABSOLUTE)

    Base Addr    Size         Type   Attr      Idx    E Section Name        Object

    0x20000000   0x0000008c   Data   RW            3    .data               main.o
    0x2000008c   0x00000014   Data   RW          188    .data               system_stm32f10x.o
    0x200000a0   0x00000014   Data   RW          416    .data               stm32f10x_rcc.o
    0x200000b4   0x00000004   Data   RW          502    .data               delay.o
    0x200000b8   0x00000006   Data   RW          533    .data               usart.o
    0x200000be   0x00000001   Data   RW          571    .data               gt9147.o
    0x200000bf   0x00000001   Data   RW          590    .data               ott2001a.o
    0x200000c0   0x0000003c   Data   RW          607    .data               touch.o
    0x200000fc   0x00000004   Data   RW          634    .data               lcd.o
    0x20000100   0x00000002   Data   RW          684    .data               rtc.o
    0x20000102   0x00000002   PAD
    0x20000104   0x00000028   Zero   RW            2    .bss                main.o
    0x2000012c   0x000000c8   Zero   RW          532    .bss                usart.o
    0x200001f4   0x0000000e   Zero   RW          632    .bss                lcd.o
    0x20000202   0x00000002   PAD
    0x20000204   0x00000060   Zero   RW          885    .bss                c_w.l(libspace.o)
    0x20000264   0x00000004   PAD
    0x20000268   0x00000200   Zero   RW          217    HEAP                startup_stm32f10x_hd.o
    0x20000468   0x00000400   Zero   RW          216    STACK               startup_stm32f10x_hd.o


==============================================================================

Image component sizes


      Code (inc. data)   RO Data    RW Data    ZI Data      Debug   Object Name

       378          0          0          0          0       2598   24cxx.o
         0          0          0          0          0         32   core_cm3.o
       608         18          0          0          0       1977   ctiic.o
       212         18          0          4          0        975   delay.o
      1024         74        194          1          0       2750   gt9147.o
     22692        204       6080          4         14      23608   lcd.o
      4960        366          0        140         40     236914   main.o
       220         22          0          0          0       1753   misc.o
       600         12          0          0          0       1828   myiic.o
       876         56         10          1          0       2555   ott2001a.o
      1140         40         24          2          0       3753   rtc.o
        64         26        304          0       1536        776   startup_stm32f10x_hd.o
       196          8          0          0          0       3412   stm32f10x_bkp.o
       860         38          0          0          0       5597   stm32f10x_gpio.o
        26          0          0          0          0       1154   stm32f10x_it.o
       204         14          0          0          0       1895   stm32f10x_pwr.o
       932         36          0         20          0       8740   stm32f10x_rcc.o
       328          4          0          0          0       2642   stm32f10x_rtc.o
      1032         22          0          0          0       8320   stm32f10x_usart.o
       480         38          0         20          0       1667   system_stm32f10x.o
      3096        184        133         60          0       6331   touch.o
       320         16          0          6        200       3074   usart.o

    ----------------------------------------------------------------------
     40252       1196       6780        260       1792     322351   Object Totals
         0          0         32          0          0          0   (incl. Generated)
         4          0          3          2          2          0   (incl. Padding)

    ----------------------------------------------------------------------

      Code (inc. data)   RO Data    RW Data    ZI Data      Debug   Library Member Name

         8          0          0          0          0         68   __main.o
       104          0          0          0          0         84   __printf.o
         0          0          0          0          0          0   __rtentry.o
        12          0          0          0          0          0   __rtentry2.o
         6          0          0          0          0          0   __rtentry4.o
        52          8          0          0          0          0   __scatter.o
        26          0          0          0          0          0   __scatter_copy.o
        28          0          0          0          0          0   __scatter_zi.o
        44          0          0          0          0        108   _printf_char.o
        48          6          0          0          0         96   _printf_char_common.o
        36          4          0          0          0         80   _printf_char_file.o
         6          0          0          0          0          0   _printf_d.o
       120         16          0          0          0         92   _printf_dec.o
        88          4         40          0          0         88   _printf_hex_int.o
       178          0          0          0          0         88   _printf_intcommon.o
         0          0          0          0          0          0   _printf_percent.o
         4          0          0          0          0          0   _printf_percent_end.o
         6          0          0          0          0          0   _printf_s.o
        82          0          0          0          0         80   _printf_str.o
         6          0          0          0          0          0   _printf_x.o
        22          0          0          0          0        100   _rserrno.o
        10          0          0          0          0         68   _sputc.o
        12          0          0          0          0         72   exit.o
         8          0          0          0          0         68   ferror.o
         6          0          0          0          0        152   heapauxi.o
         2          0          0          0          0          0   libinit.o
         2          0          0          0          0          0   libinit2.o
         2          0          0          0          0          0   libshutdown.o
         2          0          0          0          0          0   libshutdown2.o
         8          4          0          0         96         68   libspace.o
        24          4          0          0          0         84   noretval__2printf.o
        40          6          0          0          0         84   noretval__2sprintf.o
         8          4          0          0          0         68   rt_errno_addr_intlibspace.o
         2          0          0          0          0          0   rtexit.o
        10          0          0          0          0          0   rtexit2.o
       128          0          0          0          0         68   strcmpv7m.o
        74          0          0          0          0         80   sys_stackheap_outer.o
         2          0          0          0          0         68   use_no_semi.o
         2          0          0          0          0         68   use_no_semi_2.o
       826         16          0          0          0        348   daddsub_clz.o
        24          0          0          0          0         68   dcmpi.o
        90          4          0          0          0         92   dfixu.o
        84          0          0          0          0        136   dflt_clz.o
       120          4          0          0          0         92   dleqf.o
       340         12          0          0          0        104   dmul.o
       156          4          0          0          0         92   dnaninf.o
        12          0          0          0          0         68   dretinf.o
       108          0          0          0          0         80   drleqf.o
       460         56          0          0          0        120   dsqrt_noumaal.o
        86          4          0          0          0         84   f2d.o
       430          8          0          0          0        168   faddsub_clz.o
       388         76          0          0          0         96   fdiv.o
        54          4          0          0          0         84   ffix.o
        62          4          0          0          0         84   ffixu.o
        86          0          0          0          0        136   fflt_clz.o
       258          4          0          0          0         84   fmul.o
       140          4          0          0          0         84   fnaninf.o
        10          0          0          0          0         68   fretinf.o
         0          0          0          0          0          0   usenofp.o
        76          0          0          0          0         84   sqrt.o

    ----------------------------------------------------------------------
      5050        256         42          0        100       4004   Library Totals
        22          0          2          0          4          0   (incl. Padding)

    ----------------------------------------------------------------------

      Code (inc. data)   RO Data    RW Data    ZI Data      Debug   Library Name

      1218         56         40          0         96       1832   c_w.l
      3734        200          0          0          0       2088   fz_ws.l
        76          0          0          0          0         84   m_ws.l

    ----------------------------------------------------------------------
      5050        256         42          0        100       4004   Library Totals

    ----------------------------------------------------------------------

==============================================================================


      Code (inc. data)   RO Data    RW Data    ZI Data      Debug   

     45302       1452       6822        260       1892     322347   Grand Totals
     45302       1452       6822        260       1892     322347   ELF Image Totals
     45302       1452       6822        260          0          0   ROM Totals

==============================================================================

    Total RO  Size (Code + RO Data)                52124 (  50.90kB)
    Total RW  Size (RW Data + ZI Data)              2152 (   2.10kB)
    Total ROM Size (Code + RO Data + RW Data)      52384 (  51.16kB)

==============================================================================

